
> cyberpol-denuncias@1.0.0 build
> node scripts/build-filtered.js

node.exe : 
(node:7856) [DEP0190] 
DeprecationWarning: 
Passing args to a 
child process with 
shell option true can 
lead to security 
vulnerabilities, as 
the arguments are not 
escaped, only 
concatenated.
En línea: 1 Carácter: 
1
+ & "C:\Program Files\
nodejs/node.exe" 
"C:\Program 
Files\nodejs/node_mo 
...
+ ~~~~~~~~~~~~~~~~~~~~
~~~~~~~~~~~~~~~~~~~~~~
~~~~~~~~~~~~~~~~~~~~~~
~~~~~
    + CategoryInfo    
          : NotSpeci  
  fied: ((node:7856   
 ) [DE...y concate    
nated.:String) []    
, RemoteException
    + FullyQualifiedE 
   rrorId : NativeCo  
  mmandError
 
(Use `node 
--trace-deprecation 
...` to show where 
the warning was 
created)
   Ôû▓ Next.js 16.0.10 (Turbopack)
   - Environments: .env.local

 ÔÜá The "middleware" 
file convention is 
deprecated. Please 
use "proxy" instead. 
Learn more: https://ne
xtjs.org/docs/messages
/middleware-to-proxy
   Creating an optimized production build ...

> Build error occurred
Error: Turbopack 
build failed with 25 
errors:
./app/api/denuncias/am
pliacion/pdf/[id]/rout
e.tsx:4:1
Module not found: 
Can't resolve 
'@react-pdf/renderer'
[0m [90m 2 |[39m 
[36mimport[39m { [3
3mNextRequest[39m[33
m,[39m [33mNextRespo
nse[39m } 
[36mfrom[39m [32m'n
ext/server'[39m[33m;
[39m
 [90m 3 |[39m 
[36mimport[39m pool 
[36mfrom[39m [32m'@
/lib/db'[39m[33m;[3
9m
[31m[1m>[22m[39m[
90m 4 |[39m 
[36mimport[39m { 
renderToBuffer } 
[36mfrom[39m [32m'@
react-pdf/renderer'[3
9m[33m;[39m
 [90m   |[39m [31m
[1m^[22m[39m[31m[1
m^[22m[39m[31m[1m^
[22m[39m[31m[1m^[
22m[39m[31m[1m^[22
m[39m[31m[1m^[22m
[39m[31m[1m^[22m[3
9m[31m[1m^[22m[39m
[31m[1m^[22m[39m[
31m[1m^[22m[39m[31
m[1m^[22m[39m[31m
[1m^[22m[39m[31m[1
m^[22m[39m[31m[1m^
[22m[39m[31m[1m^[
22m[39m[31m[1m^[22
m[39m[31m[1m^[22m
[39m[31m[1m^[22m[3
9m[31m[1m^[22m[39m
[31m[1m^[22m[39m[
31m[1m^[22m[39m[31
m[1m^[22m[39m[31m
[1m^[22m[39m[31m[1
m^[22m[39m[31m[1m^
[22m[39m[31m[1m^[
22m[39m[31m[1m^[22
m[39m[31m[1m^[22m
[39m[31m[1m^[22m[3
9m[31m[1m^[22m[39m
[31m[1m^[22m[39m[
31m[1m^[22m[39m[31
m[1m^[22m[39m[31m
[1m^[22m[39m[31m[1
m^[22m[39m[31m[1m^
[22m[39m[31m[1m^[
22m[39m[31m[1m^[22
m[39m[31m[1m^[22m
[39m[31m[1m^[22m[3
9m[31m[1m^[22m[39m
[31m[1m^[22m[39m[
31m[1m^[22m[39m[31
m[1m^[22m[39m[31m
[1m^[22m[39m[31m[1
m^[22m[39m[31m[1m^
[22m[39m[31m[1m^[
22m[39m[31m[1m^[22
m[39m[31m[1m^[22m
[39m[31m[1m^[22m[3
9m[31m[1m^[22m[39m
[31m[1m^[22m[39m
 [90m 5 |[39m 
[36mimport[39m [33m
DenunciaPDFDocument[3
9m [36mfrom[39m [32
m'@/components/pdf/Den
unciaPDF'[39m[33m;[
39m
 [90m 6 |[39m 
[36mimport[39m 
[33mQRCode[39m 
[36mfrom[39m [32m'q
rcode'[39m[33m;[39m
 [90m 7 |[39m[0m



https://nextjs.org/doc
s/messages/module-not-
found


./app/api/denuncias/pd
f/[id]/route.tsx:4:1
Module not found: 
Can't resolve 
'@react-pdf/renderer'
[0m [90m 2 |[39m 
[36mimport[39m pool 
[36mfrom[39m [32m'@
/lib/db'[39m[33m;[3
9m
 [90m 3 |[39m 
[36mimport[39m 
[33mLink[39m 
[36mfrom[39m [32m'n
ext/link'[39m[33m;[
39m
[31m[1m>[22m[39m[
90m 4 |[39m 
[36mimport[39m { 
renderToBuffer } 
[36mfrom[39m [32m'@
react-pdf/renderer'[3
9m[33m;[39m
 [90m   |[39m [31m
[1m^[22m[39m[31m[1
m^[22m[39m[31m[1m^
[22m[39m[31m[1m^[
22m[39m[31m[1m^[22
m[39m[31m[1m^[22m
[39m[31m[1m^[22m[3
9m[31m[1m^[22m[39m
[31m[1m^[22m[39m[
31m[1m^[22m[39m[31
m[1m^[22m[39m[31m
[1m^[22m[39m[31m[1
m^[22m[39m[31m[1m^
[22m[39m[31m[1m^[
22m[39m[31m[1m^[22
m[39m[31m[1m^[22m
[39m[31m[1m^[22m[3
9m[31m[1m^[22m[39m
[31m[1m^[22m[39m[
31m[1m^[22m[39m[31
m[1m^[22m[39m[31m
[1m^[22m[39m[31m[1
m^[22m[39m[31m[1m^
[22m[39m[31m[1m^[
22m[39m[31m[1m^[22
m[39m[31m[1m^[22m
[39m[31m[1m^[22m[3
9m[31m[1m^[22m[39m
[31m[1m^[22m[39m[
31m[1m^[22m[39m[31
m[1m^[22m[39m[31m
[1m^[22m[39m[31m[1
m^[22m[39m[31m[1m^
[22m[39m[31m[1m^[
22m[39m[31m[1m^[22
m[39m[31m[1m^[22m
[39m[31m[1m^[22m[3
9m[31m[1m^[22m[39m
[31m[1m^[22m[39m[
31m[1m^[22m[39m[31
m[1m^[22m[39m[31m
[1m^[22m[39m[31m[1
m^[22m[39m[31m[1m^
[22m[39m[31m[1m^[
22m[39m[31m[1m^[22
m[39m[31m[1m^[22m
[39m[31m[1m^[22m[3
9m[31m[1m^[22m[39m
[31m[1m^[22m[39m
 [90m 5 |[39m 
[36mimport[39m [33m
DenunciaPDFDocument[3
9m [36mfrom[39m [32
m'@/components/pdf/Den
unciaPDF'[39m[33m;[
39m
 [90m 6 |[39m 
[36mimport[39m 
[33mQRCode[39m 
[36mfrom[39m [32m'q
rcode'[39m[33m;[39m
 [90m 7 |[39m 
[36mimport[39m { 
[33mPDFDocument[39m 
} [36mfrom[39m [32m
'pdf-lib'[39m[33m;[
39m[0m



https://nextjs.org/doc
s/messages/module-not-
found


./components/pdf/Cierr
eDenuncia.tsx:2:1
Module not found: 
Can't resolve 
'@react-pdf/renderer'
[0m [90m 1 |[39m 
[36mimport[39m 
[33mReact[39m 
[36mfrom[39m [32m'r
eact'[39m[33m;[39m
[31m[1m>[22m[39m[
90m 2 |[39m 
[36mimport[39m { [3
3mText[39m[33m,[39m
 [33mView[39m } 
[36mfrom[39m [32m'@
react-pdf/renderer'[3
9m[33m;[39m
 [90m   |[39m [31m
[1m^[22m[39m[31m[1
m^[22m[39m[31m[1m^
[22m[39m[31m[1m^[
22m[39m[31m[1m^[22
m[39m[31m[1m^[22m
[39m[31m[1m^[22m[3
9m[31m[1m^[22m[39m
[31m[1m^[22m[39m[
31m[1m^[22m[39m[31
m[1m^[22m[39m[31m
[1m^[22m[39m[31m[1
m^[22m[39m[31m[1m^
[22m[39m[31m[1m^[
22m[39m[31m[1m^[22
m[39m[31m[1m^[22m
[39m[31m[1m^[22m[3
9m[31m[1m^[22m[39m
[31m[1m^[22m[39m[
31m[1m^[22m[39m[31
m[1m^[22m[39m[31m
[1m^[22m[39m[31m[1
m^[22m[39m[31m[1m^
[22m[39m[31m[1m^[
22m[39m[31m[1m^[22
m[39m[31m[1m^[22m
[39m[31m[1m^[22m[3
9m[31m[1m^[22m[39m
[31m[1m^[22m[39m[
31m[1m^[22m[39m[31
m[1m^[22m[39m[31m
[1m^[22m[39m[31m[1
m^[22m[39m[31m[1m^
[22m[39m[31m[1m^[
22m[39m[31m[1m^[22
m[39m[31m[1m^[22m
[39m[31m[1m^[22m[3
9m[31m[1m^[22m[39m
[31m[1m^[22m[39m[
31m[1m^[22m[39m[31
m[1m^[22m[39m[31m
[1m^[22m[39m[31m[1
m^[22m[39m[31m[1m^
[22m[39m[31m[1m^[
22m[39m[31m[1m^[22
m[39m
 [90m 3 |[39m
 [90m 4 |[39m 
[36minterface[39m [
33mCierreDenunciaProps
[39m {
 [90m 5 |[39m     to
talPersonas[33m:[39m
 number[33m;[39m[0m



Import trace:
  App Route:
    ./components/pdf/C
ierreDenuncia.tsx
    ./components/pdf/D
enunciaPDF.tsx
    ./app/api/denuncia
s/ampliacion/pdf/[id]/
route.tsx

https://nextjs.org/doc
s/messages/module-not-
found


./components/pdf/Denun
ciaPDF.tsx:2:1
Module not found: 
Can't resolve 
'@react-pdf/renderer'
[0m [90m 1 |[39m 
[36mimport[39m 
[33mReact[39m 
[36mfrom[39m [32m'r
eact'[39m[33m;[39m
[31m[1m>[22m[39m[
90m 2 |[39m 
[36mimport[39m { [3
3mDocument[39m[33m,
[39m [33mPage[39m[3
3m,[39m [33mStyleShe
et[39m[33m,[39m [3
3mText[39m[33m,[39m
 [33mView[39m[33m,
[39m [33mImage[39m[
33m,[39m 
[33mFont[39m } 
[36mfrom[39m [32m'@
react-pdf/renderer'[3
9m[33m;[39m
 [90m   |[39m [31m
[1m^[22m[39m[31m[1
m^[22m[39m[31m[1m^
[22m[39m[31m[1m^[
22m[39m[31m[1m^[22
m[39m[31m[1m^[22m
[39m[31m[1m^[22m[3
9m[31m[1m^[22m[39m
[31m[1m^[22m[39m[
31m[1m^[22m[39m[31
m[1m^[22m[39m[31m
[1m^[22m[39m[31m[1
m^[22m[39m[31m[1m^
[22m[39m[31m[1m^[
22m[39m[31m[1m^[22
m[39m[31m[1m^[22m
[39m[31m[1m^[22m[3
9m[31m[1m^[22m[39m
[31m[1m^[22m[39m[
31m[1m^[22m[39m[31
m[1m^[22m[39m[31m
[1m^[22m[39m[31m[1
m^[22m[39m[31m[1m^
[22m[39m[31m[1m^[
22m[39m[31m[1m^[22
m[39m[31m[1m^[22m
[39m[31m[1m^[22m[3
9m[31m[1m^[22m[39m
[31m[1m^[22m[39m[
31m[1m^[22m[39m[31
m[1m^[22m[39m[31m
[1m^[22m[39m[31m[1
m^[22m[39m[31m[1m^
[22m[39m[31m[1m^[
22m[39m[31m[1m^[22
m[39m[31m[1m^[22m
[39m[31m[1m^[22m[3
9m[31m[1m^[22m[39m
[31m[1m^[22m[39m[
31m[1m^[22m[39m[31
m[1m^[22m[39m[31m
[1m^[22m[39m[31m[1
m^[22m[39m[31m[1m^
[22m[39m[31m[1m^[
22m[39m[31m[1m^[22
m[39m[31m[1m^[22m
[39m[31m[1m^[22m[3
9m[31m[1m^[22m[39m
[31m[1m^[22m[39m[
31m[1m^[22m[39m[31
m[1m^[22m[39m[31m
[1m^[22m[39m[31m[1
m^[22m[39m[31m[1m^
[22m[39m[31m[1m^[
22m[39m[31m[1m^[22
m[39m[31m[1m^[22m
[39m[31m[1m^[22m[3
9m[31m[1m^[22m[39m
[31m[1m^[22m[39m[
31m[1m^[22m[39m[31
m[1m^[22m[39m[31m
[1m^[22m[39m[31m[1
m^[22m[39m[31m[1m^
[22m[39m[31m[1m^[
22m[39m[31m[1m^[22
m[39m[31m[1m^[22m
[39m[31m[1m^[22m[3
9m[31m[1m^[22m[39m
[31m[1m^[22m[39m[
31m[1m^[22m[39m[31
m[1m^[22m[39m[31m
[1m^[22m[39m[31m[1
m^[22m[39m[31m[1m^
[22m[39m[31m[1m^[
22m[39m[31m[1m^[22
m[39m[31m[1m^[22m
[39m[31m[1m^[22m[3
9m[31m[1m^[22m[39m
[31m[1m^[22m[39m[
31m[1m^[22m[39m[31
m[1m^[22m[39m[31m
[1m^[22m[39m[31m[1
m^[22m[39m
 [90m 3 |[39m 
[36mimport[39m [33m
ParaguayHeader[39m 
[36mfrom[39m [32m'.
/ParaguayHeader'[39m
[33m;[39m
 [90m 4 |[39m 
[36mimport[39m { gen
erarPrimerParrafo[33m
,[39m 
analizarParticipantes 
} [36mfrom[39m [32m
'./PrimerParrafo'[39m
[33m;[39m
 [90m 5 |[39m 
[36mimport[39m { 
generarSegundoParrafo 
} [36mfrom[39m [32m
'./SegundoParrafo'[39
m[33m;[39m[0m



Import trace:
  App Route:
    ./components/pdf/D
enunciaPDF.tsx
    ./app/api/denuncia
s/ampliacion/pdf/[id]/
route.tsx

https://nextjs.org/doc
s/messages/module-not-
found


./components/pdf/Parag
uayHeader.tsx:2:1
Module not found: 
Can't resolve 
'@react-pdf/renderer'
[0m [90m 1 |[39m 
[36mimport[39m 
[33mReact[39m 
[36mfrom[39m [32m'r
eact'[39m[33m;[39m
[31m[1m>[22m[39m[
90m 2 |[39m 
[36mimport[39m { [3
3mView[39m[33m,[39m
 [33mText[39m[33m,
[39m [33mStyleSheet[
39m[33m,[39m 
[33mImage[39m } 
[36mfrom[39m [32m'@
react-pdf/renderer'[3
9m[33m;[39m
 [90m   |[39m [31m
[1m^[22m[39m[31m[1
m^[22m[39m[31m[1m^
[22m[39m[31m[1m^[
22m[39m[31m[1m^[22
m[39m[31m[1m^[22m
[39m[31m[1m^[22m[3
9m[31m[1m^[22m[39m
[31m[1m^[22m[39m[
31m[1m^[22m[39m[31
m[1m^[22m[39m[31m
[1m^[22m[39m[31m[1
m^[22m[39m[31m[1m^
[22m[39m[31m[1m^[
22m[39m[31m[1m^[22
m[39m[31m[1m^[22m
[39m[31m[1m^[22m[3
9m[31m[1m^[22m[39m
[31m[1m^[22m[39m[
31m[1m^[22m[39m[31
m[1m^[22m[39m[31m
[1m^[22m[39m[31m[1
m^[22m[39m[31m[1m^
[22m[39m[31m[1m^[
22m[39m[31m[1m^[22
m[39m[31m[1m^[22m
[39m[31m[1m^[22m[3
9m[31m[1m^[22m[39m
[31m[1m^[22m[39m[
31m[1m^[22m[39m[31
m[1m^[22m[39m[31m
[1m^[22m[39m[31m[1
m^[22m[39m[31m[1m^
[22m[39m[31m[1m^[
22m[39m[31m[1m^[22
m[39m[31m[1m^[22m
[39m[31m[1m^[22m[3
9m[31m[1m^[22m[39m
[31m[1m^[22m[39m[
31m[1m^[22m[39m[31
m[1m^[22m[39m[31m
[1m^[22m[39m[31m[1
m^[22m[39m[31m[1m^
[22m[39m[31m[1m^[
22m[39m[31m[1m^[22
m[39m[31m[1m^[22m
[39m[31m[1m^[22m[3
9m[31m[1m^[22m[39m
[31m[1m^[22m[39m[
31m[1m^[22m[39m[31
m[1m^[22m[39m[31m
[1m^[22m[39m[31m[1
m^[22m[39m[31m[1m^
[22m[39m[31m[1m^[
22m[39m[31m[1m^[22
m[39m[31m[1m^[22m
[39m[31m[1m^[22m[3
9m[31m[1m^[22m[39m
[31m[1m^[22m[39m[
31m[1m^[22m[39m[31
m[1m^[22m[39m[31m
[1m^[22m[39m[31m[1
m^[22m[39m
 [90m 3 |[39m
 [90m 4 |[39m 
[36mconst[39m 
styles [33m=[39m [3
3mStyleSheet[39m[33m
.[39mcreate({
 [90m 5 |[39m     he
aderContainer[33m:[3
9m {[0m



Import trace:
  App Route:
    ./components/pdf/P
araguayHeader.tsx
    ./components/pdf/D
enunciaPDF.tsx
    ./app/api/denuncia
s/ampliacion/pdf/[id]/
route.tsx

https://nextjs.org/doc
s/messages/module-not-
found


./components/pdf/Prime
rParrafo.tsx:2:1
Module not found: 
Can't resolve 
'@react-pdf/renderer'
[0m [90m 1 |[39m 
[36mimport[39m 
[33mReact[39m 
[36mfrom[39m [32m'r
eact'[39m[33m;[39m
[31m[1m>[22m[39m[
90m 2 |[39m 
[36mimport[39m { 
[33mText[39m } 
[36mfrom[39m [32m'@
react-pdf/renderer'[3
9m[33m;[39m
 [90m   |[39m [31m
[1m^[22m[39m[31m[1
m^[22m[39m[31m[1m^
[22m[39m[31m[1m^[
22m[39m[31m[1m^[22
m[39m[31m[1m^[22m
[39m[31m[1m^[22m[3
9m[31m[1m^[22m[39m
[31m[1m^[22m[39m[
31m[1m^[22m[39m[31
m[1m^[22m[39m[31m
[1m^[22m[39m[31m[1
m^[22m[39m[31m[1m^
[22m[39m[31m[1m^[
22m[39m[31m[1m^[22
m[39m[31m[1m^[22m
[39m[31m[1m^[22m[3
9m[31m[1m^[22m[39m
[31m[1m^[22m[39m[
31m[1m^[22m[39m[31
m[1m^[22m[39m[31m
[1m^[22m[39m[31m[1
m^[22m[39m[31m[1m^
[22m[39m[31m[1m^[
22m[39m[31m[1m^[22
m[39m[31m[1m^[22m
[39m[31m[1m^[22m[3
9m[31m[1m^[22m[39m
[31m[1m^[22m[39m[
31m[1m^[22m[39m[31
m[1m^[22m[39m[31m
[1m^[22m[39m[31m[1
m^[22m[39m[31m[1m^
[22m[39m[31m[1m^[
22m[39m[31m[1m^[22
m[39m[31m[1m^[22m
[39m[31m[1m^[22m[3
9m[31m[1m^[22m[39m
[31m[1m^[22m[39m[
31m[1m^[22m[39m
 [90m 3 |[39m
 [90m 4 |[39m 
[90m/**[39m
 [90m 5 |[39m [90m 
* TIPOS DE 
DATOS[39m[0m



Import trace:
  App Route:
    ./components/pdf/P
rimerParrafo.tsx
    ./components/pdf/D
enunciaPDF.tsx
    ./app/api/denuncia
s/ampliacion/pdf/[id]/
route.tsx

https://nextjs.org/doc
s/messages/module-not-
found


./components/pdf/Secci
onFirmas.tsx:2:1
Module not found: 
Can't resolve 
'@react-pdf/renderer'
[0m [90m 1 |[39m 
[36mimport[39m 
[33mReact[39m 
[36mfrom[39m [32m'r
eact'[39m[33m;[39m
[31m[1m>[22m[39m[
90m 2 |[39m 
[36mimport[39m { [3
3mView[39m[33m,[39m
 [33mText[39m[33m,
[39m [33mStyleSheet[
39m[33m,[39m 
[33mImage[39m } 
[36mfrom[39m [32m'@
react-pdf/renderer'[3
9m[33m;[39m
 [90m   |[39m [31m
[1m^[22m[39m[31m[1
m^[22m[39m[31m[1m^
[22m[39m[31m[1m^[
22m[39m[31m[1m^[22
m[39m[31m[1m^[22m
[39m[31m[1m^[22m[3
9m[31m[1m^[22m[39m
[31m[1m^[22m[39m[
31m[1m^[22m[39m[31
m[1m^[22m[39m[31m
[1m^[22m[39m[31m[1
m^[22m[39m[31m[1m^
[22m[39m[31m[1m^[
22m[39m[31m[1m^[22
m[39m[31m[1m^[22m
[39m[31m[1m^[22m[3
9m[31m[1m^[22m[39m
[31m[1m^[22m[39m[
31m[1m^[22m[39m[31
m[1m^[22m[39m[31m
[1m^[22m[39m[31m[1
m^[22m[39m[31m[1m^
[22m[39m[31m[1m^[
22m[39m[31m[1m^[22
m[39m[31m[1m^[22m
[39m[31m[1m^[22m[3
9m[31m[1m^[22m[39m
[31m[1m^[22m[39m[
31m[1m^[22m[39m[31
m[1m^[22m[39m[31m
[1m^[22m[39m[31m[1
m^[22m[39m[31m[1m^
[22m[39m[31m[1m^[
22m[39m[31m[1m^[22
m[39m[31m[1m^[22m
[39m[31m[1m^[22m[3
9m[31m[1m^[22m[39m
[31m[1m^[22m[39m[
31m[1m^[22m[39m[31
m[1m^[22m[39m[31m
[1m^[22m[39m[31m[1
m^[22m[39m[31m[1m^
[22m[39m[31m[1m^[
22m[39m[31m[1m^[22
m[39m[31m[1m^[22m
[39m[31m[1m^[22m[3
9m[31m[1m^[22m[39m
[31m[1m^[22m[39m[
31m[1m^[22m[39m[31
m[1m^[22m[39m[31m
[1m^[22m[39m[31m[1
m^[22m[39m[31m[1m^
[22m[39m[31m[1m^[
22m[39m[31m[1m^[22
m[39m[31m[1m^[22m
[39m[31m[1m^[22m[3
9m[31m[1m^[22m[39m
[31m[1m^[22m[39m[
31m[1m^[22m[39m[31
m[1m^[22m[39m[31m
[1m^[22m[39m[31m[1
m^[22m[39m
 [90m 3 |[39m
 [90m 4 |[39m 
[36mconst[39m 
styles [33m=[39m [3
3mStyleSheet[39m[33m
.[39mcreate({
 [90m 5 |[39m     si
gnatureContainer[33m:
[39m {[0m



Import trace:
  App Route:
    ./components/pdf/S
eccionFirmas.tsx
    ./components/pdf/D
enunciaPDF.tsx
    ./app/api/denuncia
s/ampliacion/pdf/[id]/
route.tsx

https://nextjs.org/doc
s/messages/module-not-
found


./components/pdf/Segun
doParrafo.tsx:2:1
Module not found: 
Can't resolve 
'@react-pdf/renderer'
[0m [90m 1 |[39m 
[36mimport[39m 
[33mReact[39m 
[36mfrom[39m [32m'r
eact'[39m[33m;[39m
[31m[1m>[22m[39m[
90m 2 |[39m 
[36mimport[39m { 
[33mText[39m } 
[36mfrom[39m [32m'@
react-pdf/renderer'[3
9m[33m;[39m
 [90m   |[39m [31m
[1m^[22m[39m[31m[1
m^[22m[39m[31m[1m^
[22m[39m[31m[1m^[
22m[39m[31m[1m^[22
m[39m[31m[1m^[22m
[39m[31m[1m^[22m[3
9m[31m[1m^[22m[39m
[31m[1m^[22m[39m[
31m[1m^[22m[39m[31
m[1m^[22m[39m[31m
[1m^[22m[39m[31m[1
m^[22m[39m[31m[1m^
[22m[39m[31m[1m^[
22m[39m[31m[1m^[22
m[39m[31m[1m^[22m
[39m[31m[1m^[22m[3
9m[31m[1m^[22m[39m
[31m[1m^[22m[39m[
31m[1m^[22m[39m[31
m[1m^[22m[39m[31m
[1m^[22m[39m[31m[1
m^[22m[39m[31m[1m^
[22m[39m[31m[1m^[
22m[39m[31m[1m^[22
m[39m[31m[1m^[22m
[39m[31m[1m^[22m[3
9m[31m[1m^[22m[39m
[31m[1m^[22m[39m[
31m[1m^[22m[39m[31
m[1m^[22m[39m[31m
[1m^[22m[39m[31m[1
m^[22m[39m[31m[1m^
[22m[39m[31m[1m^[
22m[39m[31m[1m^[22
m[39m[31m[1m^[22m
[39m[31m[1m^[22m[3
9m[31m[1m^[22m[39m
[31m[1m^[22m[39m[
31m[1m^[22m[39m
 [90m 3 |[39m 
[36mimport[39m { 
obtenerCapitulo } 
[36mfrom[39m [32m'@
/lib/data/hechos-punib
les'[39m[33m;[39m
 [90m 4 |[39m
 [90m 5 |[39m 
[36minterface[39m [
33mDenunciaData[39m 
{[0m



Import trace:
  App Route:
    ./components/pdf/S
egundoParrafo.tsx
    ./components/pdf/D
enunciaPDF.tsx
    ./app/api/denuncia
s/ampliacion/pdf/[id]/
route.tsx

https://nextjs.org/doc
s/messages/module-not-
found


./components/pdf/Terce
rParrafo.tsx:2:1
Module not found: 
Can't resolve 
'@react-pdf/renderer'
[0m [90m 1 |[39m 
[36mimport[39m 
[33mReact[39m 
[36mfrom[39m [32m'r
eact'[39m[33m;[39m
[31m[1m>[22m[39m[
90m 2 |[39m 
[36mimport[39m { [3
3mText[39m[33m,[39m
 [33mView[39m } 
[36mfrom[39m [32m'@
react-pdf/renderer'[3
9m[33m;[39m
 [90m   |[39m [31m
[1m^[22m[39m[31m[1
m^[22m[39m[31m[1m^
[22m[39m[31m[1m^[
22m[39m[31m[1m^[22
m[39m[31m[1m^[22m
[39m[31m[1m^[22m[3
9m[31m[1m^[22m[39m
[31m[1m^[22m[39m[
31m[1m^[22m[39m[31
m[1m^[22m[39m[31m
[1m^[22m[39m[31m[1
m^[22m[39m[31m[1m^
[22m[39m[31m[1m^[
22m[39m[31m[1m^[22
m[39m[31m[1m^[22m
[39m[31m[1m^[22m[3
9m[31m[1m^[22m[39m
[31m[1m^[22m[39m[
31m[1m^[22m[39m[31
m[1m^[22m[39m[31m
[1m^[22m[39m[31m[1
m^[22m[39m[31m[1m^
[22m[39m[31m[1m^[
22m[39m[31m[1m^[22
m[39m[31m[1m^[22m
[39m[31m[1m^[22m[3
9m[31m[1m^[22m[39m
[31m[1m^[22m[39m[
31m[1m^[22m[39m[31
m[1m^[22m[39m[31m
[1m^[22m[39m[31m[1
m^[22m[39m[31m[1m^
[22m[39m[31m[1m^[
22m[39m[31m[1m^[22
m[39m[31m[1m^[22m
[39m[31m[1m^[22m[3
9m[31m[1m^[22m[39m
[31m[1m^[22m[39m[
31m[1m^[22m[39m[31
m[1m^[22m[39m[31m
[1m^[22m[39m[31m[1
m^[22m[39m[31m[1m^
[22m[39m[31m[1m^[
22m[39m[31m[1m^[22
m[39m
 [90m 3 |[39m
 [90m 4 |[39m 
[36minterface[39m [
33mTercerParrafoProps
[39m {
 [90m 5 |[39m     
relato[33m:[39m 
string[33m;[39m[0m



Import trace:
  App Route:
    ./components/pdf/T
ercerParrafo.tsx
    ./components/pdf/D
enunciaPDF.tsx
    ./app/api/denuncia
s/ampliacion/pdf/[id]/
route.tsx

https://nextjs.org/doc
s/messages/module-not-
found


./app/api/upload/adjun
tos/route.ts:2:1
Module not found: 
Can't resolve 
'@vercel/blob'
[0m [90m 1 |[39m
[31m[1m>[22m[39m[
90m 2 |[39m 
[36mimport[39m { 
put } [36mfrom[39m 
[32m'@vercel/blob'[39
m[33m;[39m
 [90m   |[39m [31m
[1m^[22m[39m[31m[1
m^[22m[39m[31m[1m^
[22m[39m[31m[1m^[
22m[39m[31m[1m^[22
m[39m[31m[1m^[22m
[39m[31m[1m^[22m[3
9m[31m[1m^[22m[39m
[31m[1m^[22m[39m[
31m[1m^[22m[39m[31
m[1m^[22m[39m[31m
[1m^[22m[39m[31m[1
m^[22m[39m[31m[1m^
[22m[39m[31m[1m^[
22m[39m[31m[1m^[22
m[39m[31m[1m^[22m
[39m[31m[1m^[22m[3
9m[31m[1m^[22m[39m
[31m[1m^[22m[39m[
31m[1m^[22m[39m[31
m[1m^[22m[39m[31m
[1m^[22m[39m[31m[1
m^[22m[39m[31m[1m^
[22m[39m[31m[1m^[
22m[39m[31m[1m^[22
m[39m[31m[1m^[22m
[39m[31m[1m^[22m[3
9m[31m[1m^[22m[39m
[31m[1m^[22m[39m[
31m[1m^[22m[39m[31
m[1m^[22m[39m[31m
[1m^[22m[39m[31m[1
m^[22m[39m
 [90m 3 |[39m 
[36mimport[39m { [3
3mNextResponse[39m } 
[36mfrom[39m [32m'n
ext/server'[39m[33m;
[39m
 [90m 4 |[39m
 [90m 5 |[39m 
[36mexport[39m 
[36masync[39m 
[36mfunction[39m [3
3mPOST[39m(request[3
3m:[39m [33mRequest
[39m)[33m:[39m [33m
Promise[39m[33m<[39
m[33mNextResponse[39
m[33m>[39m {[0m



https://nextjs.org/doc
s/messages/module-not-
found


./app/api/upload/denun
cia-escrita/route.ts:2
:1
Module not found: 
Can't resolve 
'@vercel/blob'
[0m [90m 1 |[39m
[31m[1m>[22m[39m[
90m 2 |[39m 
[36mimport[39m { 
put } [36mfrom[39m 
[32m'@vercel/blob'[39
m[33m;[39m
 [90m   |[39m [31m
[1m^[22m[39m[31m[1
m^[22m[39m[31m[1m^
[22m[39m[31m[1m^[
22m[39m[31m[1m^[22
m[39m[31m[1m^[22m
[39m[31m[1m^[22m[3
9m[31m[1m^[22m[39m
[31m[1m^[22m[39m[
31m[1m^[22m[39m[31
m[1m^[22m[39m[31m
[1m^[22m[39m[31m[1
m^[22m[39m[31m[1m^
[22m[39m[31m[1m^[
22m[39m[31m[1m^[22
m[39m[31m[1m^[22m
[39m[31m[1m^[22m[3
9m[31m[1m^[22m[39m
[31m[1m^[22m[39m[
31m[1m^[22m[39m[31
m[1m^[22m[39m[31m
[1m^[22m[39m[31m[1
m^[22m[39m[31m[1m^
[22m[39m[31m[1m^[
22m[39m[31m[1m^[22
m[39m[31m[1m^[22m
[39m[31m[1m^[22m[3
9m[31m[1m^[22m[39m
[31m[1m^[22m[39m[
31m[1m^[22m[39m[31
m[1m^[22m[39m[31m
[1m^[22m[39m[31m[1
m^[22m[39m
 [90m 3 |[39m 
[36mimport[39m { [3
3mNextResponse[39m } 
[36mfrom[39m [32m'n
ext/server'[39m[33m;
[39m
 [90m 4 |[39m
 [90m 5 |[39m 
[36mexport[39m 
[36masync[39m 
[36mfunction[39m [3
3mPOST[39m(request[3
3m:[39m [33mRequest
[39m)[33m:[39m [33m
Promise[39m[33m<[39
m[33mNextResponse[39
m[33m>[39m {[0m



https://nextjs.org/doc
s/messages/module-not-
found


./lib/utils/export-doc
x.ts:1:1
Module not found: 
Can't resolve 'docx'
[0m[31m[1m>[22m[3
9m[90m 1 |[39m 
[36mimport[39m { [3
3mDocument[39m[33m,
[39m [33mPacker[39m
[33m,[39m [33mParagr
aph[39m[33m,[39m [
33mTable[39m[33m,[3
9m [33mTableRow[39m
[33m,[39m [33mTableC
ell[39m[33m,[39m [
33mWidthType[39m[33m
,[39m [33mAlignmentT
ype[39m[33m,[39m [
33mTextRun[39m[33m,
[39m [33mPageOrientat
ion[39m[33m,[39m [
33mImageRun[39m[33m,
[39m [33mBorderStyle
[39m[33m,[39m 
[33mHeightRule[39m 
} [36mfrom[39m [32m
'docx'[39m[33m;[39m
 [90m   |[39m [31m
[1m^[22m[39m[31m[1
m^[22m[39m[31m[1m^
[22m[39m[31m[1m^[
22m[39m[31m[1m^[22
m[39m[31m[1m^[22m
[39m[31m[1m^[22m[3
9m[31m[1m^[22m[39m
[31m[1m^[22m[39m[
31m[1m^[22m[39m[31
m[1m^[22m[39m[31m
[1m^[22m[39m[31m[1
m^[22m[39m[31m[1m^
[22m[39m[31m[1m^[
22m[39m[31m[1m^[22
m[39m[31m[1m^[22m
[39m[31m[1m^[22m[3
9m[31m[1m^[22m[39m
[31m[1m^[22m[39m[
31m[1m^[22m[39m[31
m[1m^[22m[39m[31m
[1m^[22m[39m[31m[1
m^[22m[39m[31m[1m^
[22m[39m[31m[1m^[
22m[39m[31m[1m^[22
m[39m[31m[1m^[22m
[39m[31m[1m^[22m[3
9m[31m[1m^[22m[39m
[31m[1m^[22m[39m[
31m[1m^[22m[39m[31
m[1m^[22m[39m[31m
[1m^[22m[39m[31m[1
m^[22m[39m[31m[1m^
[22m[39m[31m[1m^[
22m[39m[31m[1m^[22
m[39m[31m[1m^[22m
[39m[31m[1m^[22m[3
9m[31m[1m^[22m[39m
[31m[1m^[22m[39m[
31m[1m^[22m[39m[31
m[1m^[22m[39m[31m
[1m^[22m[39m[31m[1
m^[22m[39m[31m[1m^
[22m[39m[31m[1m^[
22m[39m[31m[1m^[22
m[39m[31m[1m^[22m
[39m[31m[1m^[22m[3
9m[31m[1m^[22m[39m
[31m[1m^[22m[39m[
31m[1m^[22m[39m[31
m[1m^[22m[39m[31m
[1m^[22m[39m[31m[1
m^[22m[39m[31m[1m^
[22m[39m[31m[1m^[
22m[39m[31m[1m^[22
m[39m[31m[1m^[22m
[39m[31m[1m^[22m[3
9m[31m[1m^[22m[39m
[31m[1m^[22m[39m[
31m[1m^[22m[39m[31
m[1m^[22m[39m[31m
[1m^[22m[39m[31m[1
m^[22m[39m[31m[1m^
[22m[39m[31m[1m^[
22m[39m[31m[1m^[22
m[39m[31m[1m^[22m
[39m[31m[1m^[22m[3
9m[31m[1m^[22m[39m
[31m[1m^[22m[39m[
31m[1m^[22m[39m[31
m[1m^[22m[39m[31m
[1m^[22m[39m[31m[1
m^[22m[39m[31m[1m^
[22m[39m[31m[1m^[
22m[39m[31m[1m^[22
m[39m[31m[1m^[22m
[39m[31m[1m^[22m[3
9m[31m[1m^[22m[39m
[31m[1m^[22m[39m[
31m[1m^[22m[39m[31
m[1m^[22m[39m[31m
[1m^[22m[39m[31m[1
m^[22m[39m[31m[1m^
[22m[39m[31m[1m^[
22m[39m[31m[1m^[22
m[39m[31m[1m^[22m
[39m[31m[1m^[22m[3
9m[31m[1m^[22m[39m
[31m[1m^[22m[39m[
31m[1m^[22m[39m[31
m[1m^[22m[39m[31m
[1m^[22m[39m[31m[1
m^[22m[39m[31m[1m^
[22m[39m[31m[1m^[
22m[39m[31m[1m^[22
m[39m[31m[1m^[22m
[39m[31m[1m^[22m[3
9m[31m[1m^[22m[39m
[31m[1m^[22m[39m[
31m[1m^[22m[39m[31
m[1m^[22m[39m[31m
[1m^[22m[39m[31m[1
m^[22m[39m[31m[1m^
[22m[39m[31m[1m^[
22m[39m[31m[1m^[22
m[39m[31m[1m^[22m
[39m[31m[1m^[22m[3
9m[31m[1m^[22m[39m
[31m[1m^[22m[39m[
31m[1m^[22m[39m[31
m[1m^[22m[39m[31m
[1m^[22m[39m[31m[1
m^[22m[39m[31m[1m^
[22m[39m[31m[1m^[
22m[39m[31m[1m^[22
m[39m[31m[1m^[22m
[39m[31m[1m^[22m[3
9m[31m[1m^[22m[39m
[31m[1m^[22m[39m[
31m[1m^[22m[39m[31
m[1m^[22m[39m[31m
[1m^[22m[39m[31m[1
m^[22m[39m[31m[1m^
[22m[39m[31m[1m^[
22m[39m[31m[1m^[22
m[39m[31m[1m^[22m
[39m[31m[1m^[22m[3
9m[31m[1m^[22m[39m
[31m[1m^[22m[39m[
31m[1m^[22m[39m[31
m[1m^[22m[39m[31m
[1m^[22m[39m[31m[1
m^[22m[39m[31m[1m^
[22m[39m[31m[1m^[
22m[39m[31m[1m^[22
m[39m[31m[1m^[22m
[39m[31m[1m^[22m[3
9m[31m[1m^[22m[39m
[31m[1m^[22m[39m[
31m[1m^[22m[39m[31
m[1m^[22m[39m[31m
[1m^[22m[39m[31m[1
m^[22m[39m[31m[1m^
[22m[39m[31m[1m^[
22m[39m[31m[1m^[22
m[39m[31m[1m^[22m
[39m[31m[1m^[22m[3
9m[31m[1m^[22m[39m
[31m[1m^[22m[39m[
31m[1m^[22m[39m[31
m[1m^[22m[39m[31m
[1m^[22m[39m
 [90m 2 |[39m 
[36mimport[39m { 
saveAs } 
[36mfrom[39m [32m'f
ile-saver'[39m[33m;
[39m
 [90m 3 |[39m
 [90m 4 |[39m 
[36mconst[39m 
fetchImageAsBuffer 
[33m=[39m 
[36masync[39m 
(url[33m:[39m 
string)[33m:[39m [3
3mPromise[39m[33m<[
39m[33mUint8Array[39
m[33m>[39m 
[33m=>[39m {[0m



Import traces:
  Client Component 
Browser:
    ./lib/utils/export
-docx.ts [Client 
Component Browser]
    ./app/reportes/pag
e.tsx [Client 
Component Browser]
    ./app/reportes/pag
e.tsx [Server 
Component]

  Client Component 
SSR:
    ./lib/utils/export
-docx.ts [Client 
Component SSR]
    ./app/reportes/pag
e.tsx [Client 
Component SSR]
    ./app/reportes/pag
e.tsx [Server 
Component]

https://nextjs.org/doc
s/messages/module-not-
found


./lib/utils/export-doc
x.ts:2:1
Module not found: 
Can't resolve 
'file-saver'
[0m [90m 1 |[39m 
[36mimport[39m { [3
3mDocument[39m[33m,
[39m [33mPacker[39m
[33m,[39m [33mParagr
aph[39m[33m,[39m [
33mTable[39m[33m,[3
9m [33mTableRow[39m
[33m,[39m [33mTableC
ell[39m[33m,[39m [
33mWidthType[39m[33m
,[39m [33mAlignmentT
ype[39m[33m,[39m [
33mTextRun[39m[33m,
[39m [33mPageOrientat
ion[39m[33m,[39m [
33mImageRun[39m[33m,
[39m [33mBorderStyle
[39m[33m,[39m 
[33mHeightRule[39m 
} [36mfrom[39m [32m
'docx'[39m[33m;[39m
[31m[1m>[22m[39m[
90m 2 |[39m 
[36mimport[39m { 
saveAs } 
[36mfrom[39m [32m'f
ile-saver'[39m[33m;
[39m
 [90m   |[39m [31m
[1m^[22m[39m[31m[1
m^[22m[39m[31m[1m^
[22m[39m[31m[1m^[
22m[39m[31m[1m^[22
m[39m[31m[1m^[22m
[39m[31m[1m^[22m[3
9m[31m[1m^[22m[39m
[31m[1m^[22m[39m[
31m[1m^[22m[39m[31
m[1m^[22m[39m[31m
[1m^[22m[39m[31m[1
m^[22m[39m[31m[1m^
[22m[39m[31m[1m^[
22m[39m[31m[1m^[22
m[39m[31m[1m^[22m
[39m[31m[1m^[22m[3
9m[31m[1m^[22m[39m
[31m[1m^[22m[39m[
31m[1m^[22m[39m[31
m[1m^[22m[39m[31m
[1m^[22m[39m[31m[1
m^[22m[39m[31m[1m^
[22m[39m[31m[1m^[
22m[39m[31m[1m^[22
m[39m[31m[1m^[22m
[39m[31m[1m^[22m[3
9m[31m[1m^[22m[39m
[31m[1m^[22m[39m[
31m[1m^[22m[39m[31
m[1m^[22m[39m[31m
[1m^[22m[39m[31m[1
m^[22m[39m[31m[1m^
[22m[39m
 [90m 3 |[39m
 [90m 4 |[39m 
[36mconst[39m 
fetchImageAsBuffer 
[33m=[39m 
[36masync[39m 
(url[33m:[39m 
string)[33m:[39m [3
3mPromise[39m[33m<[
39m[33mUint8Array[39
m[33m>[39m 
[33m=>[39m {
 [90m 5 |[39m     
[36mconst[39m 
response [33m=[39m 
[36mawait[39m fetch(
url)[33m;[39m[0m



Import traces:
  Client Component 
Browser:
    ./lib/utils/export
-docx.ts [Client 
Component Browser]
    ./app/reportes/pag
e.tsx [Client 
Component Browser]
    ./app/reportes/pag
e.tsx [Server 
Component]

  Client Component 
SSR:
    ./lib/utils/export
-docx.ts [Client 
Component SSR]
    ./app/reportes/pag
e.tsx [Client 
Component SSR]
    ./app/reportes/pag
e.tsx [Server 
Component]

https://nextjs.org/doc
s/messages/module-not-
found


./lib/utils/export-exc
el.ts:2:1
Module not found: 
Can't resolve 
'file-saver'
[0m [90m 1 |[39m 
[36mimport[39m 
[33mExcelJS[39m 
[36mfrom[39m [32m'e
xceljs'[39m[33m;[39
m
[31m[1m>[22m[39m[
90m 2 |[39m 
[36mimport[39m { 
saveAs } 
[36mfrom[39m [32m'f
ile-saver'[39m[33m;
[39m
 [90m   |[39m [31m
[1m^[22m[39m[31m[1
m^[22m[39m[31m[1m^
[22m[39m[31m[1m^[
22m[39m[31m[1m^[22
m[39m[31m[1m^[22m
[39m[31m[1m^[22m[3
9m[31m[1m^[22m[39m
[31m[1m^[22m[39m[
31m[1m^[22m[39m[31
m[1m^[22m[39m[31m
[1m^[22m[39m[31m[1
m^[22m[39m[31m[1m^
[22m[39m[31m[1m^[
22m[39m[31m[1m^[22
m[39m[31m[1m^[22m
[39m[31m[1m^[22m[3
9m[31m[1m^[22m[39m
[31m[1m^[22m[39m[
31m[1m^[22m[39m[31
m[1m^[22m[39m[31m
[1m^[22m[39m[31m[1
m^[22m[39m[31m[1m^
[22m[39m[31m[1m^[
22m[39m[31m[1m^[22
m[39m[31m[1m^[22m
[39m[31m[1m^[22m[3
9m[31m[1m^[22m[39m
[31m[1m^[22m[39m[
31m[1m^[22m[39m[31
m[1m^[22m[39m[31m
[1m^[22m[39m[31m[1
m^[22m[39m[31m[1m^
[22m[39m
 [90m 3 |[39m
 [90m 4 |[39m 
[36mexport[39m 
[36mconst[39m 
exportToExcel 
[33m=[39m 
[36masync[39m 
(data[33m:[39m 
any[][33m,[39m 
fileName[33m:[39m 
string[33m,[39m 
columns[33m:[39m { 
header[33m:[39m 
string[33m;[39m 
key[33m:[39m 
string[33m;[39m widt
h[33m?[39m[33m:[39
m number }[]) 
[33m=>[39m {
 [90m 5 |[39m     
[36mconst[39m 
workbook [33m=[39m 
[36mnew[39m [33mExc
elJS[39m[33m.[39m[
33mWorkbook[39m()[33
m;[39m[0m



Import traces:
  Client Component 
Browser:
    ./lib/utils/export
-excel.ts [Client 
Component Browser]
    ./app/denuncias/bu
scador-relato/page.tsx
 [Client Component 
Browser]
    ./app/denuncias/bu
scador-relato/page.tsx
 [Server Component]

  Client Component 
SSR:
    ./lib/utils/export
-excel.ts [Client 
Component SSR]
    ./app/denuncias/bu
scador-relato/page.tsx
 [Client Component 
SSR]
    ./app/denuncias/bu
scador-relato/page.tsx
 [Server Component]

https://nextjs.org/doc
s/messages/module-not-
found


./lib/utils/export-ima
ge.ts:2:1
Module not found: 
Can't resolve 
'file-saver'
[0m [90m 1 |[39m 
[36mimport[39m { 
toPng } 
[36mfrom[39m [32m'h
tml-to-image'[39m[33
m;[39m
[31m[1m>[22m[39m[
90m 2 |[39m 
[36mimport[39m { 
saveAs } 
[36mfrom[39m [32m'f
ile-saver'[39m[33m;
[39m
 [90m   |[39m [31m
[1m^[22m[39m[31m[1
m^[22m[39m[31m[1m^
[22m[39m[31m[1m^[
22m[39m[31m[1m^[22
m[39m[31m[1m^[22m
[39m[31m[1m^[22m[3
9m[31m[1m^[22m[39m
[31m[1m^[22m[39m[
31m[1m^[22m[39m[31
m[1m^[22m[39m[31m
[1m^[22m[39m[31m[1
m^[22m[39m[31m[1m^
[22m[39m[31m[1m^[
22m[39m[31m[1m^[22
m[39m[31m[1m^[22m
[39m[31m[1m^[22m[3
9m[31m[1m^[22m[39m
[31m[1m^[22m[39m[
31m[1m^[22m[39m[31
m[1m^[22m[39m[31m
[1m^[22m[39m[31m[1
m^[22m[39m[31m[1m^
[22m[39m[31m[1m^[
22m[39m[31m[1m^[22
m[39m[31m[1m^[22m
[39m[31m[1m^[22m[3
9m[31m[1m^[22m[39m
[31m[1m^[22m[39m[
31m[1m^[22m[39m[31
m[1m^[22m[39m[31m
[1m^[22m[39m[31m[1
m^[22m[39m[31m[1m^
[22m[39m
 [90m 3 |[39m
 [90m 4 |[39m 
[36mexport[39m 
[36mconst[39m export
ComponentToImage 
[33m=[39m 
[36masync[39m 
(elementId[33m:[39m 
string[33m,[39m 
fileName[33m:[39m 
string) [33m=>[39m {
 [90m 5 |[39m     
[36mconst[39m node 
[33m=[39m document[
33m.[39mgetElementByI
d(elementId)[33m;[39
m[0m



Import traces:
  Client Component 
Browser:
    ./lib/utils/export
-image.ts [Client 
Component Browser]
    ./app/reportes/pag
e.tsx [Client 
Component Browser]
    ./app/reportes/pag
e.tsx [Server 
Component]

  Client Component 
SSR:
    ./lib/utils/export
-image.ts [Client 
Component SSR]
    ./app/reportes/pag
e.tsx [Client 
Component SSR]
    ./app/reportes/pag
e.tsx [Server 
Component]

https://nextjs.org/doc
s/messages/module-not-
found


./lib/utils/export-ima
ge.ts:1:1
Module not found: 
Can't resolve 
'html-to-image'
[0m[31m[1m>[22m[3
9m[90m 1 |[39m 
[36mimport[39m { 
toPng } 
[36mfrom[39m [32m'h
tml-to-image'[39m[33
m;[39m
 [90m   |[39m [31m
[1m^[22m[39m[31m[1
m^[22m[39m[31m[1m^
[22m[39m[31m[1m^[
22m[39m[31m[1m^[22
m[39m[31m[1m^[22m
[39m[31m[1m^[22m[3
9m[31m[1m^[22m[39m
[31m[1m^[22m[39m[
31m[1m^[22m[39m[31
m[1m^[22m[39m[31m
[1m^[22m[39m[31m[1
m^[22m[39m[31m[1m^
[22m[39m[31m[1m^[
22m[39m[31m[1m^[22
m[39m[31m[1m^[22m
[39m[31m[1m^[22m[3
9m[31m[1m^[22m[39m
[31m[1m^[22m[39m[
31m[1m^[22m[39m[31
m[1m^[22m[39m[31m
[1m^[22m[39m[31m[1
m^[22m[39m[31m[1m^
[22m[39m[31m[1m^[
22m[39m[31m[1m^[22
m[39m[31m[1m^[22m
[39m[31m[1m^[22m[3
9m[31m[1m^[22m[39m
[31m[1m^[22m[39m[
31m[1m^[22m[39m[31
m[1m^[22m[39m[31m
[1m^[22m[39m[31m[1
m^[22m[39m[31m[1m^
[22m[39m[31m[1m^[
22m[39m[31m[1m^[22
m[39m
 [90m 2 |[39m 
[36mimport[39m { 
saveAs } 
[36mfrom[39m [32m'f
ile-saver'[39m[33m;
[39m
 [90m 3 |[39m
 [90m 4 |[39m 
[36mexport[39m 
[36mconst[39m export
ComponentToImage 
[33m=[39m 
[36masync[39m 
(elementId[33m:[39m 
string[33m,[39m 
fileName[33m:[39m 
string) [33m=>[39m 
{[0m



Import traces:
  Client Component 
Browser:
    ./lib/utils/export
-image.ts [Client 
Component Browser]
    ./app/reportes/pag
e.tsx [Client 
Component Browser]
    ./app/reportes/pag
e.tsx [Server 
Component]

  Client Component 
SSR:
    ./lib/utils/export
-image.ts [Client 
Component SSR]
    ./app/reportes/pag
e.tsx [Client 
Component SSR]
    ./app/reportes/pag
e.tsx [Server 
Component]

https://nextjs.org/doc
s/messages/module-not-
found


./app/denuncias/buscad
or-relato/page.tsx:13:
1
Module not found: 
Can't resolve 
'lucide-react'
[0m [90m 11 |[39m 
[36mimport[39m { 
exportToExcel } 
[36mfrom[39m [32m'@
/lib/utils/export-exce
l'[39m
 [90m 12 |[39m 
[36mimport[39m { 
[33mMainLayout[39m 
} [36mfrom[39m [32m
'@/components/MainLayo
ut'[39m
[31m[1m>[22m[39m[
90m 13 |[39m 
[36mimport[39m {
 [90m    |[39m [31m
[1m^[22m[39m[31m[
1m^[22m[39m[31m[1m
^[22m[39m[31m[1m^
[22m[39m[31m[1m^[2
2m[39m[31m[1m^[22m
[39m[31m[1m^[22m[
39m[31m[1m^[22m[39
m
[31m[1m>[22m[39m[
90m 14 |[39m     [33
mSearch[39m[33m,[39
m
 [90m    |[39m [31m
[1m^[22m[39m[31m[
1m^[22m[39m[31m[1m
^[22m[39m[31m[1m^
[22m[39m[31m[1m^[2
2m[39m[31m[1m^[22m
[39m[31m[1m^[22m[
39m[31m[1m^[22m[39
m[31m[1m^[22m[39m
[31m[1m^[22m[39m[3
1m[1m^[22m[39m
[31m[1m>[22m[39m[
90m 15 |[39m     [33
mFileSearch[39m[33m,
[39m
 [90m    |[39m [31m
[1m^[22m[39m[31m[
1m^[22m[39m[31m[1m
^[22m[39m[31m[1m^
[22m[39m[31m[1m^[2
2m[39m[31m[1m^[22m
[39m[31m[1m^[22m[
39m[31m[1m^[22m[39
m[31m[1m^[22m[39m
[31m[1m^[22m[39m[3
1m[1m^[22m[39m
[31m[1m>[22m[39m[
90m 16 |[39m     [33
mArrowLeft[39m[33m,
[39m
 [90m    |[39m [31m
[1m^[22m[39m[31m[
1m^[22m[39m[31m[1m
^[22m[39m[31m[1m^
[22m[39m[31m[1m^[2
2m[39m[31m[1m^[22m
[39m[31m[1m^[22m[
39m[31m[1m^[22m[39
m[31m[1m^[22m[39m
[31m[1m^[22m[39m[3
1m[1m^[22m[39m
[31m[1m>[22m[39m[
90m 17 |[39m     [33
mCalendar[39m[33m,[
39m
 [90m    |[39m [31m
[1m^[22m[39m[31m[
1m^[22m[39m[31m[1m
^[22m[39m[31m[1m^
[22m[39m[31m[1m^[2
2m[39m[31m[1m^[22m
[39m[31m[1m^[22m[
39m[31m[1m^[22m[39
m[31m[1m^[22m[39m
[31m[1m^[22m[39m[3
1m[1m^[22m[39m
[31m[1m>[22m[39m[
90m 18 |[39m     [33
mAlertCircle[39m[33m
,[39m
 [90m    |[39m [31m
[1m^[22m[39m[31m[
1m^[22m[39m[31m[1m
^[22m[39m[31m[1m^
[22m[39m[31m[1m^[2
2m[39m[31m[1m^[22m
[39m[31m[1m^[22m[
39m[31m[1m^[22m[39
m[31m[1m^[22m[39m
[31m[1m^[22m[39m[3
1m[1m^[22m[39m
[31m[1m>[22m[39m[
90m 19 |[39m     [33
mDownload[39m[33m,[
39m
 [90m    |[39m [31m
[1m^[22m[39m[31m[
1m^[22m[39m[31m[1m
^[22m[39m[31m[1m^
[22m[39m[31m[1m^[2
2m[39m[31m[1m^[22m
[39m[31m[1m^[22m[
39m[31m[1m^[22m[39
m[31m[1m^[22m[39m
[31m[1m^[22m[39m[3
1m[1m^[22m[39m
[31m[1m>[22m[39m[
90m 20 |[39m     [33
mDatabase[39m[33m,[
39m
 [90m    |[39m [31m
[1m^[22m[39m[31m[
1m^[22m[39m[31m[1m
^[22m[39m[31m[1m^
[22m[39m[31m[1m^[2
2m[39m[31m[1m^[22m
[39m[31m[1m^[22m[
39m[31m[1m^[22m[39
m[31m[1m^[22m[39m
[31m[1m^[22m[39m[3
1m[1m^[22m[39m
[31m[1m>[22m[39m[
90m 21 |[39m     [33
mChevronDown[39m[33m
,[39m
 [90m    |[39m [31m
[1m^[22m[39m[31m[
1m^[22m[39m[31m[1m
^[22m[39m[31m[1m^
[22m[39m[31m[1m^[2
2m[39m[31m[1m^[22m
[39m[31m[1m^[22m[
39m[31m[1m^[22m[39
m[31m[1m^[22m[39m
[31m[1m^[22m[39m[3
1m[1m^[22m[39m
[31m[1m>[22m[39m[
90m 22 |[39m     [33
mChevronUp[39m[33m,
[39m
 [90m    |[39m [31m
[1m^[22m[39m[31m[
1m^[22m[39m[31m[1m
^[22m[39m[31m[1m^
[22m[39m[31m[1m^[2
2m[39m[31m[1m^[22m
[39m[31m[1m^[22m[
39m[31m[1m^[22m[39
m[31m[1m^[22m[39m
[31m[1m^[22m[39m[3
1m[1m^[22m[39m
[31m[1m>[22m[39m[
90m 23 |[39m     [33
mFileText[39m[33m,[
39m
 [90m    |[39m [31m
[1m^[22m[39m[31m[
1m^[22m[39m[31m[1m
^[22m[39m[31m[1m^
[22m[39m[31m[1m^[2
2m[39m[31m[1m^[22m
[39m[31m[1m^[22m[
39m[31m[1m^[22m[39
m[31m[1m^[22m[39m
[31m[1m^[22m[39m[3
1m[1m^[22m[39m
[31m[1m>[22m[39m[
90m 24 |[39m     [33
mDollarSign[39m[33m,
[39m
 [90m    |[39m [31m
[1m^[22m[39m[31m[
1m^[22m[39m[31m[1m
^[22m[39m[31m[1m^
[22m[39m[31m[1m^[2
2m[39m[31m[1m^[22m
[39m[31m[1m^[22m[
39m[31m[1m^[22m[39
m[31m[1m^[22m[39m
[31m[1m^[22m[39m[3
1m[1m^[22m[39m
[31m[1m>[22m[39m[
90m 25 |[39m     [33
mExternalLink[39m[33
m,[39m
 [90m    |[39m [31m
[1m^[22m[39m[31m[
1m^[22m[39m[31m[1m
^[22m[39m[31m[1m^
[22m[39m[31m[1m^[2
2m[39m[31m[1m^[22m
[39m[31m[1m^[22m[
39m[31m[1m^[22m[39
m[31m[1m^[22m[39m
[31m[1m^[22m[39m[3
1m[1m^[22m[39m
[31m[1m>[22m[39m[
90m 26 |[39m     
[33mFilter[39m
 [90m    |[39m [31m
[1m^[22m[39m[31m[
1m^[22m[39m[31m[1m
^[22m[39m[31m[1m^
[22m[39m[31m[1m^[2
2m[39m[31m[1m^[22m
[39m[31m[1m^[22m[
39m[31m[1m^[22m[39
m[31m[1m^[22m[39m
[31m[1m^[22m[39m[3
1m[1m^[22m[39m
[31m[1m>[22m[39m[
90m 27 |[39m } 
[36mfrom[39m [32m'l
ucide-react'[39m
 [90m    |[39m [31m
[1m^[22m[39m[31m[
1m^[22m[39m[31m[1m
^[22m[39m[31m[1m^
[22m[39m[31m[1m^[2
2m[39m[31m[1m^[22m
[39m[31m[1m^[22m[
39m[31m[1m^[22m[39
m[31m[1m^[22m[39m
[31m[1m^[22m[39m[3
1m[1m^[22m[39m[31m
[1m^[22m[39m[31m[
1m^[22m[39m[31m[1m
^[22m[39m[31m[1m^
[22m[39m[31m[1m^[2
2m[39m[31m[1m^[22m
[39m[31m[1m^[22m[
39m[31m[1m^[22m[39
m[31m[1m^[22m[39m
[31m[1m^[22m[39m[3
1m[1m^[22m[39m
 [90m 28 |[39m
 [90m 29 |[39m 
[36minterface[39m 
[33mDenuncia[39m {
 [90m 30 |[39m     
id[33m:[39m 
number[0m



Import traces:
  Client Component 
Browser:
    ./app/denuncias/bu
scador-relato/page.tsx
 [Client Component 
Browser]
    ./app/denuncias/bu
scador-relato/page.tsx
 [Server Component]

  Client Component 
SSR:
    ./app/denuncias/bu
scador-relato/page.tsx
 [Client Component 
SSR]
    ./app/denuncias/bu
scador-relato/page.tsx
 [Server Component]

https://nextjs.org/doc
s/messages/module-not-
found


./app/denuncias/page.t
sx:11:1
Module not found: 
Can't resolve 
'lucide-react'
[0m [90m  9 |[39m 
[36mimport[39m { for
matearFechaSinTimezone
 } [36mfrom[39m [32
m'@/lib/utils/fecha'[
39m
 [90m 10 |[39m 
[36mimport[39m { 
[33mMainLayout[39m 
} [36mfrom[39m [32m
'@/components/MainLayo
ut'[39m
[31m[1m>[22m[39m[
90m 11 |[39m 
[36mimport[39m {
 [90m    |[39m [31m
[1m^[22m[39m[31m[
1m^[22m[39m[31m[1m
^[22m[39m[31m[1m^
[22m[39m[31m[1m^[2
2m[39m[31m[1m^[22m
[39m[31m[1m^[22m[
39m[31m[1m^[22m[39
m
[31m[1m>[22m[39m[
90m 12 |[39m   [33mS
earch[39m[33m,[39m
 [90m    |[39m [31m
[1m^[22m[39m[31m[
1m^[22m[39m[31m[1m
^[22m[39m[31m[1m^
[22m[39m[31m[1m^[2
2m[39m[31m[1m^[22m
[39m[31m[1m^[22m[
39m[31m[1m^[22m[39
m[31m[1m^[22m[39m
[31m[1m>[22m[39m[
90m 13 |[39m   [33mF
ileText[39m[33m,[39
m
 [90m    |[39m [31m
[1m^[22m[39m[31m[
1m^[22m[39m[31m[1m
^[22m[39m[31m[1m^
[22m[39m[31m[1m^[2
2m[39m[31m[1m^[22m
[39m[31m[1m^[22m[
39m[31m[1m^[22m[39
m[31m[1m^[22m[39m
[31m[1m>[22m[39m[
90m 14 |[39m   [33mF
ilter[39m[33m,[39m
 [90m    |[39m [31m
[1m^[22m[39m[31m[
1m^[22m[39m[31m[1m
^[22m[39m[31m[1m^
[22m[39m[31m[1m^[2
2m[39m[31m[1m^[22m
[39m[31m[1m^[22m[
39m[31m[1m^[22m[39
m[31m[1m^[22m[39m
[31m[1m>[22m[39m[
90m 15 |[39m   [33mC
alendar[39m[33m,[39
m
 [90m    |[39m [31m
[1m^[22m[39m[31m[
1m^[22m[39m[31m[1m
^[22m[39m[31m[1m^
[22m[39m[31m[1m^[2
2m[39m[31m[1m^[22m
[39m[31m[1m^[22m[
39m[31m[1m^[22m[39
m[31m[1m^[22m[39m
[31m[1m>[22m[39m[
90m 16 |[39m   [33mC
lock[39m[33m,[39m
 [90m    |[39m [31m
[1m^[22m[39m[31m[
1m^[22m[39m[31m[1m
^[22m[39m[31m[1m^
[22m[39m[31m[1m^[2
2m[39m[31m[1m^[22m
[39m[31m[1m^[22m[
39m[31m[1m^[22m[39
m[31m[1m^[22m[39m
[31m[1m>[22m[39m[
90m 17 |[39m   [33mH
ash[39m[33m,[39m
 [90m    |[39m [31m
[1m^[22m[39m[31m[
1m^[22m[39m[31m[1m
^[22m[39m[31m[1m^
[22m[39m[31m[1m^[2
2m[39m[31m[1m^[22m
[39m[31m[1m^[22m[
39m[31m[1m^[22m[39
m[31m[1m^[22m[39m
[31m[1m>[22m[39m[
90m 18 |[39m   [33mU
ser[39m[33m,[39m
 [90m    |[39m [31m
[1m^[22m[39m[31m[
1m^[22m[39m[31m[1m
^[22m[39m[31m[1m^
[22m[39m[31m[1m^[2
2m[39m[31m[1m^[22m
[39m[31m[1m^[22m[
39m[31m[1m^[22m[39
m[31m[1m^[22m[39m
[31m[1m>[22m[39m[
90m 19 |[39m   [33mC
hevronRight[39m[33m,
[39m
 [90m    |[39m [31m
[1m^[22m[39m[31m[
1m^[22m[39m[31m[1m
^[22m[39m[31m[1m^
[22m[39m[31m[1m^[2
2m[39m[31m[1m^[22m
[39m[31m[1m^[22m[
39m[31m[1m^[22m[39
m[31m[1m^[22m[39m
[31m[1m>[22m[39m[
90m 20 |[39m   [33mE
ye[39m[33m,[39m
 [90m    |[39m [31m
[1m^[22m[39m[31m[
1m^[22m[39m[31m[1m
^[22m[39m[31m[1m^
[22m[39m[31m[1m^[2
2m[39m[31m[1m^[22m
[39m[31m[1m^[22m[
39m[31m[1m^[22m[39
m[31m[1m^[22m[39m
[31m[1m>[22m[39m[
90m 21 |[39m   [33mT
rash2[39m[33m,[39m
 [90m    |[39m [31m
[1m^[22m[39m[31m[
1m^[22m[39m[31m[1m
^[22m[39m[31m[1m^
[22m[39m[31m[1m^[2
2m[39m[31m[1m^[22m
[39m[31m[1m^[22m[
39m[31m[1m^[22m[39
m[31m[1m^[22m[39m
[31m[1m>[22m[39m[
90m 22 |[39m   [33mA
lertCircle[39m[33m,
[39m
 [90m    |[39m [31m
[1m^[22m[39m[31m[
1m^[22m[39m[31m[1m
^[22m[39m[31m[1m^
[22m[39m[31m[1m^[2
2m[39m[31m[1m^[22m
[39m[31m[1m^[22m[
39m[31m[1m^[22m[39
m[31m[1m^[22m[39m
[31m[1m>[22m[39m[
90m 23 |[39m   [33mF
ileSearch[39m[33m,[
39m
 [90m    |[39m [31m
[1m^[22m[39m[31m[
1m^[22m[39m[31m[1m
^[22m[39m[31m[1m^
[22m[39m[31m[1m^[2
2m[39m[31m[1m^[22m
[39m[31m[1m^[22m[
39m[31m[1m^[22m[39
m[31m[1m^[22m[39m
[31m[1m>[22m[39m[
90m 24 |[39m   [33mA
rrowLeft[39m[33m,[3
9m
 [90m    |[39m [31m
[1m^[22m[39m[31m[
1m^[22m[39m[31m[1m
^[22m[39m[31m[1m^
[22m[39m[31m[1m^[2
2m[39m[31m[1m^[22m
[39m[31m[1m^[22m[
39m[31m[1m^[22m[39
m[31m[1m^[22m[39m
[31m[1m>[22m[39m[
90m 25 |[39m   
[33mArrowRight[39m
 [90m    |[39m [31m
[1m^[22m[39m[31m[
1m^[22m[39m[31m[1m
^[22m[39m[31m[1m^
[22m[39m[31m[1m^[2
2m[39m[31m[1m^[22m
[39m[31m[1m^[22m[
39m[31m[1m^[22m[39
m[31m[1m^[22m[39m
[31m[1m>[22m[39m[
90m 26 |[39m } 
[36mfrom[39m [32m'l
ucide-react'[39m
 [90m    |[39m [31m
[1m^[22m[39m[31m[
1m^[22m[39m[31m[1m
^[22m[39m[31m[1m^
[22m[39m[31m[1m^[2
2m[39m[31m[1m^[22m
[39m[31m[1m^[22m[
39m[31m[1m^[22m[39
m[31m[1m^[22m[39m
[31m[1m^[22m[39m[3
1m[1m^[22m[39m[31m
[1m^[22m[39m[31m[
1m^[22m[39m[31m[1m
^[22m[39m[31m[1m^
[22m[39m[31m[1m^[2
2m[39m[31m[1m^[22m
[39m[31m[1m^[22m[
39m[31m[1m^[22m[39
m[31m[1m^[22m[39m
[31m[1m^[22m[39m[3
1m[1m^[22m[39m
 [90m 27 |[39m
 [90m 28 |[39m 
[36minterface[39m 
[33mDenuncia[39m {
 [90m 29 |[39m   
id[33m:[39m 
number[0m



Import traces:
  Client Component 
Browser:
    ./app/denuncias/pa
ge.tsx [Client 
Component Browser]
    ./app/denuncias/pa
ge.tsx [Server 
Component]

  Client Component 
SSR:
    ./app/denuncias/pa
ge.tsx [Client 
Component SSR]
    ./app/denuncias/pa
ge.tsx [Server 
Component]

https://nextjs.org/doc
s/messages/module-not-
found


./app/inicio/page.tsx:
7:1
Module not found: 
Can't resolve 
'lucide-react'
[0m [90m  5 |[39m 
[36mimport[39m { 
useEffect[33m,[39m 
useState } 
[36mfrom[39m 
[32m'react'[39m
 [90m  6 |[39m 
[36mimport[39m { 
[33mMainLayout[39m 
} [36mfrom[39m [32m
'@/components/MainLayo
ut'[39m
[31m[1m>[22m[39m[
90m  7 |[39m 
[36mimport[39m {
 [90m    |[39m [31m
[1m^[22m[39m[31m[
1m^[22m[39m[31m[1m
^[22m[39m[31m[1m^
[22m[39m[31m[1m^[2
2m[39m[31m[1m^[22m
[39m[31m[1m^[22m[
39m[31m[1m^[22m[39
m
[31m[1m>[22m[39m[
90m  8 |[39m   [33mT
rendingUp[39m[33m,[
39m
 [90m    |[39m [31m
[1m^[22m[39m[31m[
1m^[22m[39m[31m[1m
^[22m[39m[31m[1m^
[22m[39m[31m[1m^[2
2m[39m[31m[1m^[22m
[39m[31m[1m^[22m[
39m[31m[1m^[22m[39
m[31m[1m^[22m[39m
[31m[1m^[22m[39m[3
1m[1m^[22m[39m[31m
[1m^[22m[39m[31m[
1m^[22m[39m
[31m[1m>[22m[39m[
90m  9 |[39m   [33mR
efreshCw[39m[33m,[3
9m
 [90m    |[39m [31m
[1m^[22m[39m[31m[
1m^[22m[39m[31m[1m
^[22m[39m[31m[1m^
[22m[39m[31m[1m^[2
2m[39m[31m[1m^[22m
[39m[31m[1m^[22m[
39m[31m[1m^[22m[39
m[31m[1m^[22m[39m
[31m[1m^[22m[39m[3
1m[1m^[22m[39m[31m
[1m^[22m[39m[31m[
1m^[22m[39m
[31m[1m>[22m[39m[
90m 10 |[39m   [33mC
lock[39m[33m,[39m
 [90m    |[39m [31m
[1m^[22m[39m[31m[
1m^[22m[39m[31m[1m
^[22m[39m[31m[1m^
[22m[39m[31m[1m^[2
2m[39m[31m[1m^[22m
[39m[31m[1m^[22m[
39m[31m[1m^[22m[39
m[31m[1m^[22m[39m
[31m[1m^[22m[39m[3
1m[1m^[22m[39m[31m
[1m^[22m[39m[31m[
1m^[22m[39m
[31m[1m>[22m[39m[
90m 11 |[39m   [33mA
rrowRight[39m[33m,[
39m
 [90m    |[39m [31m
[1m^[22m[39m[31m[
1m^[22m[39m[31m[1m
^[22m[39m[31m[1m^
[22m[39m[31m[1m^[2
2m[39m[31m[1m^[22m
[39m[31m[1m^[22m[
39m[31m[1m^[22m[39
m[31m[1m^[22m[39m
[31m[1m^[22m[39m[3
1m[1m^[22m[39m[31m
[1m^[22m[39m[31m[
1m^[22m[39m
[31m[1m>[22m[39m[
90m 12 |[39m   [33mC
alculator[39m[33m,[
39m
 [90m    |[39m [31m
[1m^[22m[39m[31m[
1m^[22m[39m[31m[1m
^[22m[39m[31m[1m^
[22m[39m[31m[1m^[2
2m[39m[31m[1m^[22m
[39m[31m[1m^[22m[
39m[31m[1m^[22m[39
m[31m[1m^[22m[39m
[31m[1m^[22m[39m[3
1m[1m^[22m[39m[31m
[1m^[22m[39m[31m[
1m^[22m[39m
[31m[1m>[22m[39m[
90m 13 |[39m   
[33mX[39m
 [90m    |[39m [31m
[1m^[22m[39m[31m[
1m^[22m[39m[31m[1m
^[22m[39m[31m[1m^
[22m[39m[31m[1m^[2
2m[39m[31m[1m^[22m
[39m[31m[1m^[22m[
39m[31m[1m^[22m[39
m[31m[1m^[22m[39m
[31m[1m^[22m[39m[3
1m[1m^[22m[39m[31m
[1m^[22m[39m[31m[
1m^[22m[39m
[31m[1m>[22m[39m[
90m 14 |[39m } 
[36mfrom[39m [32m'l
ucide-react'[39m
 [90m    |[39m [31m
[1m^[22m[39m[31m[
1m^[22m[39m[31m[1m
^[22m[39m[31m[1m^
[22m[39m[31m[1m^[2
2m[39m[31m[1m^[22m
[39m[31m[1m^[22m[
39m[31m[1m^[22m[39
m[31m[1m^[22m[39m
[31m[1m^[22m[39m[3
1m[1m^[22m[39m[31m
[1m^[22m[39m[31m[
1m^[22m[39m[31m[1m
^[22m[39m[31m[1m^
[22m[39m[31m[1m^[2
2m[39m[31m[1m^[22m
[39m[31m[1m^[22m[
39m[31m[1m^[22m[39
m[31m[1m^[22m[39m
[31m[1m^[22m[39m[3
1m[1m^[22m[39m
 [90m 15 |[39m
 [90m 16 |[39m 
[36mconst[39m 
[33mAPI_KEY[39m 
[33m=[39m [32m'c264
34662f9a1a4869628002'
[39m
 [90m 17 |[39m[0m



Import traces:
  Client Component 
Browser:
    
./app/inicio/page.tsx 
[Client Component 
Browser]
    
./app/inicio/page.tsx 
[Server Component]

  Client Component 
SSR:
    
./app/inicio/page.tsx 
[Client Component SSR]
    
./app/inicio/page.tsx 
[Server Component]

https://nextjs.org/doc
s/messages/module-not-
found


./app/mis-denuncias/pa
ge.tsx:23:1
Module not found: 
Can't resolve 
'lucide-react'
[0m [90m 21 |[39m }
 [90m 22 |[39m
[31m[1m>[22m[39m[
90m 23 |[39m 
[36mimport[39m { [3
3mEye[39m[33m,[39m 
[33mSearch[39m[33m,
[39m [33mFilter[39m
[33m,[39m [33mFileT
ext[39m[33m,[39m [
33mCalendar[39m[33m,
[39m [33mClock[39m
[33m,[39m [33mChevro
nRight[39m } 
[36mfrom[39m [32m'l
ucide-react'[39m
 [90m    |[39m [31m
[1m^[22m[39m[31m[
1m^[22m[39m[31m[1m
^[22m[39m[31m[1m^
[22m[39m[31m[1m^[2
2m[39m[31m[1m^[22m
[39m[31m[1m^[22m[
39m[31m[1m^[22m[39
m[31m[1m^[22m[39m
[31m[1m^[22m[39m[3
1m[1m^[22m[39m[31m
[1m^[22m[39m[31m[
1m^[22m[39m[31m[1m
^[22m[39m[31m[1m^
[22m[39m[31m[1m^[2
2m[39m[31m[1m^[22m
[39m[31m[1m^[22m[
39m[31m[1m^[22m[39
m[31m[1m^[22m[39m
[31m[1m^[22m[39m[3
1m[1m^[22m[39m[31m
[1m^[22m[39m[31m[
1m^[22m[39m[31m[1m
^[22m[39m[31m[1m^
[22m[39m[31m[1m^[2
2m[39m[31m[1m^[22m
[39m[31m[1m^[22m[
39m[31m[1m^[22m[39
m[31m[1m^[22m[39m
[31m[1m^[22m[39m[3
1m[1m^[22m[39m[31m
[1m^[22m[39m[31m[
1m^[22m[39m[31m[1m
^[22m[39m[31m[1m^
[22m[39m[31m[1m^[2
2m[39m[31m[1m^[22m
[39m[31m[1m^[22m[
39m[31m[1m^[22m[39
m[31m[1m^[22m[39m
[31m[1m^[22m[39m[3
1m[1m^[22m[39m[31m
[1m^[22m[39m[31m[
1m^[22m[39m[31m[1m
^[22m[39m[31m[1m^
[22m[39m[31m[1m^[2
2m[39m[31m[1m^[22m
[39m[31m[1m^[22m[
39m[31m[1m^[22m[39
m[31m[1m^[22m[39m
[31m[1m^[22m[39m[3
1m[1m^[22m[39m[31m
[1m^[22m[39m[31m[
1m^[22m[39m[31m[1m
^[22m[39m[31m[1m^
[22m[39m[31m[1m^[2
2m[39m[31m[1m^[22m
[39m[31m[1m^[22m[
39m[31m[1m^[22m[39
m[31m[1m^[22m[39m
[31m[1m^[22m[39m[3
1m[1m^[22m[39m[31m
[1m^[22m[39m[31m[
1m^[22m[39m[31m[1m
^[22m[39m[31m[1m^
[22m[39m[31m[1m^[2
2m[39m[31m[1m^[22m
[39m[31m[1m^[22m[
39m[31m[1m^[22m[39
m[31m[1m^[22m[39m
[31m[1m^[22m[39m[3
1m[1m^[22m[39m[31m
[1m^[22m[39m[31m[
1m^[22m[39m[31m[1m
^[22m[39m[31m[1m^
[22m[39m[31m[1m^[2
2m[39m[31m[1m^[22m
[39m[31m[1m^[22m[
39m[31m[1m^[22m[39
m[31m[1m^[22m[39m
[31m[1m^[22m[39m[3
1m[1m^[22m[39m[31m
[1m^[22m[39m[31m[
1m^[22m[39m[31m[1m
^[22m[39m
 [90m 24 |[39m
 [90m 25 |[39m 
[36mexport[39m 
[36mdefault[39m 
[36mfunction[39m [3
3mMisDenunciasPage[39
m() {
 [90m 26 |[39m   
[36mconst[39m 
router [33m=[39m 
useRouter()[0m



Import traces:
  Client Component 
Browser:
    ./app/mis-denuncia
s/page.tsx [Client 
Component Browser]
    ./app/mis-denuncia
s/page.tsx [Server 
Component]

  Client Component 
SSR:
    ./app/mis-denuncia
s/page.tsx [Client 
Component SSR]
    ./app/mis-denuncia
s/page.tsx [Server 
Component]

https://nextjs.org/doc
s/messages/module-not-
found


./app/reportes/page.ts
x:18:1
Module not found: 
Can't resolve 
'lucide-react'
[0m [90m 16 |[39m  
 [33mCell[39m
 [90m 17 |[39m } 
[36mfrom[39m 
[32m'recharts'[39m
[31m[1m>[22m[39m[
90m 18 |[39m 
[36mimport[39m {
 [90m    |[39m [31m
[1m^[22m[39m[31m[
1m^[22m[39m[31m[1m
^[22m[39m[31m[1m^
[22m[39m[31m[1m^[2
2m[39m[31m[1m^[22m
[39m[31m[1m^[22m[
39m[31m[1m^[22m[39
m
[31m[1m>[22m[39m[
90m 19 |[39m   [33mS
earch[39m[33m,[39m
 [90m    |[39m [31m
[1m^[22m[39m[31m[
1m^[22m[39m[31m[1m
^[22m[39m[31m[1m^
[22m[39m[31m[1m^[2
2m[39m[31m[1m^[22m
[39m[31m[1m^[22m[
39m[31m[1m^[22m[39
m[31m[1m^[22m[39m
[31m[1m>[22m[39m[
90m 20 |[39m   [33mF
ileText[39m[33m,[39
m
 [90m    |[39m [31m
[1m^[22m[39m[31m[
1m^[22m[39m[31m[1m
^[22m[39m[31m[1m^
[22m[39m[31m[1m^[2
2m[39m[31m[1m^[22m
[39m[31m[1m^[22m[
39m[31m[1m^[22m[39
m[31m[1m^[22m[39m
[31m[1m>[22m[39m[
90m 21 |[39m   [33mF
ilter[39m[33m,[39m
 [90m    |[39m [31m
[1m^[22m[39m[31m[
1m^[22m[39m[31m[1m
^[22m[39m[31m[1m^
[22m[39m[31m[1m^[2
2m[39m[31m[1m^[22m
[39m[31m[1m^[22m[
39m[31m[1m^[22m[39
m[31m[1m^[22m[39m
[31m[1m>[22m[39m[
90m 22 |[39m   [33mC
alendar[39m[33m,[39
m
 [90m    |[39m [31m
[1m^[22m[39m[31m[
1m^[22m[39m[31m[1m
^[22m[39m[31m[1m^
[22m[39m[31m[1m^[2
2m[39m[31m[1m^[22m
[39m[31m[1m^[22m[
39m[31m[1m^[22m[39
m[31m[1m^[22m[39m
[31m[1m>[22m[39m[
90m 23 |[39m   [33mC
lock[39m[33m,[39m
 [90m    |[39m [31m
[1m^[22m[39m[31m[
1m^[22m[39m[31m[1m
^[22m[39m[31m[1m^
[22m[39m[31m[1m^[2
2m[39m[31m[1m^[22m
[39m[31m[1m^[22m[
39m[31m[1m^[22m[39
m[31m[1m^[22m[39m
[31m[1m>[22m[39m[
90m 24 |[39m   [33mH
ash[39m[33m,[39m
 [90m    |[39m [31m
[1m^[22m[39m[31m[
1m^[22m[39m[31m[1m
^[22m[39m[31m[1m^
[22m[39m[31m[1m^[2
2m[39m[31m[1m^[22m
[39m[31m[1m^[22m[
39m[31m[1m^[22m[39
m[31m[1m^[22m[39m
[31m[1m>[22m[39m[
90m 25 |[39m   [33mU
ser[39m[33m,[39m
 [90m    |[39m [31m
[1m^[22m[39m[31m[
1m^[22m[39m[31m[1m
^[22m[39m[31m[1m^
[22m[39m[31m[1m^[2
2m[39m[31m[1m^[22m
[39m[31m[1m^[22m[
39m[31m[1m^[22m[39
m[31m[1m^[22m[39m
[31m[1m>[22m[39m[
90m 26 |[39m   [33mC
hevronRight[39m[33m,
[39m
 [90m    |[39m [31m
[1m^[22m[39m[31m[
1m^[22m[39m[31m[1m
^[22m[39m[31m[1m^
[22m[39m[31m[1m^[2
2m[39m[31m[1m^[22m
[39m[31m[1m^[22m[
39m[31m[1m^[22m[39
m[31m[1m^[22m[39m
[31m[1m>[22m[39m[
90m 27 |[39m   [33mE
ye[39m[33m,[39m
 [90m    |[39m [31m
[1m^[22m[39m[31m[
1m^[22m[39m[31m[1m
^[22m[39m[31m[1m^
[22m[39m[31m[1m^[2
2m[39m[31m[1m^[22m
[39m[31m[1m^[22m[
39m[31m[1m^[22m[39
m[31m[1m^[22m[39m
[31m[1m>[22m[39m[
90m 28 |[39m   [33mT
rash2[39m[33m,[39m
 [90m    |[39m [31m
[1m^[22m[39m[31m[
1m^[22m[39m[31m[1m
^[22m[39m[31m[1m^
[22m[39m[31m[1m^[2
2m[39m[31m[1m^[22m
[39m[31m[1m^[22m[
39m[31m[1m^[22m[39
m[31m[1m^[22m[39m
[31m[1m>[22m[39m[
90m 29 |[39m   [33mA
lertCircle[39m[33m,
[39m
 [90m    |[39m [31m
[1m^[22m[39m[31m[
1m^[22m[39m[31m[1m
^[22m[39m[31m[1m^
[22m[39m[31m[1m^[2
2m[39m[31m[1m^[22m
[39m[31m[1m^[22m[
39m[31m[1m^[22m[39
m[31m[1m^[22m[39m
[31m[1m>[22m[39m[
90m 30 |[39m   [33mF
ileSearch[39m[33m,[
39m
 [90m    |[39m [31m
[1m^[22m[39m[31m[
1m^[22m[39m[31m[1m
^[22m[39m[31m[1m^
[22m[39m[31m[1m^[2
2m[39m[31m[1m^[22m
[39m[31m[1m^[22m[
39m[31m[1m^[22m[39
m[31m[1m^[22m[39m
[31m[1m>[22m[39m[
90m 31 |[39m   [33mA
rrowLeft[39m[33m,[3
9m
 [90m    |[39m [31m
[1m^[22m[39m[31m[
1m^[22m[39m[31m[1m
^[22m[39m[31m[1m^
[22m[39m[31m[1m^[2
2m[39m[31m[1m^[22m
[39m[31m[1m^[22m[
39m[31m[1m^[22m[39
m[31m[1m^[22m[39m
[31m[1m>[22m[39m[
90m 32 |[39m   [33mA
rrowRight[39m[33m,[
39m
 [90m    |[39m [31m
[1m^[22m[39m[31m[
1m^[22m[39m[31m[1m
^[22m[39m[31m[1m^
[22m[39m[31m[1m^[2
2m[39m[31m[1m^[22m
[39m[31m[1m^[22m[
39m[31m[1m^[22m[39
m[31m[1m^[22m[39m
[31m[1m>[22m[39m[
90m 33 |[39m   [33mD
ownload[39m[33m,[39
m
 [90m    |[39m [31m
[1m^[22m[39m[31m[
1m^[22m[39m[31m[1m
^[22m[39m[31m[1m^
[22m[39m[31m[1m^[2
2m[39m[31m[1m^[22m
[39m[31m[1m^[22m[
39m[31m[1m^[22m[39
m[31m[1m^[22m[39m
[31m[1m>[22m[39m[
90m 34 |[39m   [33mD
atabase[39m[33m,[39
m
 [90m    |[39m [31m
[1m^[22m[39m[31m[
1m^[22m[39m[31m[1m
^[22m[39m[31m[1m^
[22m[39m[31m[1m^[2
2m[39m[31m[1m^[22m
[39m[31m[1m^[22m[
39m[31m[1m^[22m[39
m[31m[1m^[22m[39m
[31m[1m>[22m[39m[
90m 35 |[39m   [33mB
arChart3[39m[33m,[3
9m
 [90m    |[39m [31m
[1m^[22m[39m[31m[
1m^[22m[39m[31m[1m
^[22m[39m[31m[1m^
[22m[39m[31m[1m^[2
2m[39m[31m[1m^[22m
[39m[31m[1m^[22m[
39m[31m[1m^[22m[39
m[31m[1m^[22m[39m
[31m[1m>[22m[39m[
90m 36 |[39m   [33mT
rendingUp[39m[33m,[
39m
 [90m    |[39m [31m
[1m^[22m[39m[31m[
1m^[22m[39m[31m[1m
^[22m[39m[31m[1m^
[22m[39m[31m[1m^[2
2m[39m[31m[1m^[22m
[39m[31m[1m^[22m[
39m[31m[1m^[22m[39
m[31m[1m^[22m[39m
[31m[1m>[22m[39m[
90m 37 |[39m   [33mU
sers[39m[33m,[39m
 [90m    |[39m [31m
[1m^[22m[39m[31m[
1m^[22m[39m[31m[1m
^[22m[39m[31m[1m^
[22m[39m[31m[1m^[2
2m[39m[31m[1m^[22m
[39m[31m[1m^[22m[
39m[31m[1m^[22m[39
m[31m[1m^[22m[39m
[31m[1m>[22m[39m[
90m 38 |[39m   [33mA
lertTriangle[39m[33m
,[39m
 [90m    |[39m [31m
[1m^[22m[39m[31m[
1m^[22m[39m[31m[1m
^[22m[39m[31m[1m^
[22m[39m[31m[1m^[2
2m[39m[31m[1m^[22m
[39m[31m[1m^[22m[
39m[31m[1m^[22m[39
m[31m[1m^[22m[39m
[31m[1m>[22m[39m[
90m 39 |[39m   [33mD
ollarSign[39m[33m,[
39m
 [90m    |[39m [31m
[1m^[22m[39m[31m[
1m^[22m[39m[31m[1m
^[22m[39m[31m[1m^
[22m[39m[31m[1m^[2
2m[39m[31m[1m^[22m
[39m[31m[1m^[22m[
39m[31m[1m^[22m[39
m[31m[1m^[22m[39m
[31m[1m>[22m[39m[
90m 40 |[39m   [33mB
riefcase[39m[33m,[3
9m
 [90m    |[39m [31m
[1m^[22m[39m[31m[
1m^[22m[39m[31m[1m
^[22m[39m[31m[1m^
[22m[39m[31m[1m^[2
2m[39m[31m[1m^[22m
[39m[31m[1m^[22m[
39m[31m[1m^[22m[39
m[31m[1m^[22m[39m
[31m[1m>[22m[39m[
90m 41 |[39m   [33mL
ayoutDashboard[39m[3
3m,[39m
 [90m    |[39m [31m
[1m^[22m[39m[31m[
1m^[22m[39m[31m[1m
^[22m[39m[31m[1m^
[22m[39m[31m[1m^[2
2m[39m[31m[1m^[22m
[39m[31m[1m^[22m[
39m[31m[1m^[22m[39
m[31m[1m^[22m[39m
[31m[1m>[22m[39m[
90m 42 |[39m   [33mC
alendarDays[39m[33m,
[39m
 [90m    |[39m [31m
[1m^[22m[39m[31m[
1m^[22m[39m[31m[1m
^[22m[39m[31m[1m^
[22m[39m[31m[1m^[2
2m[39m[31m[1m^[22m
[39m[31m[1m^[22m[
39m[31m[1m^[22m[39
m[31m[1m^[22m[39m
[31m[1m>[22m[39m[
90m 43 |[39m   [33mR
efreshCcw[39m[33m,[
39m
 [90m    |[39m [31m
[1m^[22m[39m[31m[
1m^[22m[39m[31m[1m
^[22m[39m[31m[1m^
[22m[39m[31m[1m^[2
2m[39m[31m[1m^[22m
[39m[31m[1m^[22m[
39m[31m[1m^[22m[39
m[31m[1m^[22m[39m
[31m[1m>[22m[39m[
90m 44 |[39m   
[33mFilePieChart[39m
 [90m    |[39m [31m
[1m^[22m[39m[31m[
1m^[22m[39m[31m[1m
^[22m[39m[31m[1m^
[22m[39m[31m[1m^[2
2m[39m[31m[1m^[22m
[39m[31m[1m^[22m[
39m[31m[1m^[22m[39
m[31m[1m^[22m[39m
[31m[1m>[22m[39m[
90m 45 |[39m } 
[36mfrom[39m [32m'l
ucide-react'[39m
 [90m    |[39m [31m
[1m^[22m[39m[31m[
1m^[22m[39m[31m[1m
^[22m[39m[31m[1m^
[22m[39m[31m[1m^[2
2m[39m[31m[1m^[22m
[39m[31m[1m^[22m[
39m[31m[1m^[22m[39
m[31m[1m^[22m[39m
[31m[1m^[22m[39m[3
1m[1m^[22m[39m[31m
[1m^[22m[39m[31m[
1m^[22m[39m[31m[1m
^[22m[39m[31m[1m^
[22m[39m[31m[1m^[2
2m[39m[31m[1m^[22m
[39m[31m[1m^[22m[
39m[31m[1m^[22m[39
m[31m[1m^[22m[39m
[31m[1m^[22m[39m[3
1m[1m^[22m[39m
 [90m 46 |[39m 
[36mimport[39m { 
exportToExcel } 
[36mfrom[39m [32m'@
/lib/utils/export-exce
l'[39m
 [90m 47 |[39m 
[36mimport[39m { 
exportToDocx } 
[36mfrom[39m [32m'@
/lib/utils/export-docx
'[39m
 [90m 48 |[39m 
[36mimport[39m { exp
ortComponentToImage } 
[36mfrom[39m [32m'@
/lib/utils/export-imag
e'[39m[0m



Import traces:
  Client Component 
Browser:
    ./app/reportes/pag
e.tsx [Client 
Component Browser]
    ./app/reportes/pag
e.tsx [Server 
Component]

  Client Component 
SSR:
    ./app/reportes/pag
e.tsx [Client 
Component SSR]
    ./app/reportes/pag
e.tsx [Server 
Component]

https://nextjs.org/doc
s/messages/module-not-
found


./components/MiniHeade
r.tsx:7:1
Module not found: 
Can't resolve 
'lucide-react'
[0m [90m  5 |[39m 
[36mimport[39m { 
useAuth } 
[36mfrom[39m [32m'@
/lib/hooks/useAuth'[3
9m
 [90m  6 |[39m 
[36mimport[39m { 
cn[33m,[39m 
formatNombrePolicial 
} [36mfrom[39m [32m
'@/lib/utils'[39m
[31m[1m>[22m[39m[
90m  7 |[39m 
[36mimport[39m {
 [90m    |[39m [31m
[1m^[22m[39m[31m[
1m^[22m[39m[31m[1m
^[22m[39m[31m[1m^
[22m[39m[31m[1m^[2
2m[39m[31m[1m^[22m
[39m[31m[1m^[22m[
39m[31m[1m^[22m[39
m
[31m[1m>[22m[39m[
90m  8 |[39m     [33
mLayoutDashboard[39m
[33m,[39m
 [90m    |[39m [31m
[1m^[22m[39m[31m[
1m^[22m[39m[31m[1m
^[22m[39m[31m[1m^
[22m[39m[31m[1m^[2
2m[39m[31m[1m^[22m
[39m[31m[1m^[22m[
39m[31m[1m^[22m[39
m[31m[1m^[22m[39m
[31m[1m^[22m[39m[3
1m[1m^[22m[39m[31m
[1m^[22m[39m[31m[
1m^[22m[39m[31m[1m
^[22m[39m[31m[1m^
[22m[39m[31m[1m^[2
2m[39m[31m[1m^[22m
[39m[31m[1m^[22m[
39m[31m[1m^[22m[39
m[31m[1m^[22m[39m
[31m[1m>[22m[39m[
90m  9 |[39m     [33
mFileText[39m[33m,[
39m
 [90m    |[39m [31m
[1m^[22m[39m[31m[
1m^[22m[39m[31m[1m
^[22m[39m[31m[1m^
[22m[39m[31m[1m^[2
2m[39m[31m[1m^[22m
[39m[31m[1m^[22m[
39m[31m[1m^[22m[39
m[31m[1m^[22m[39m
[31m[1m^[22m[39m[3
1m[1m^[22m[39m[31m
[1m^[22m[39m[31m[
1m^[22m[39m[31m[1m
^[22m[39m[31m[1m^
[22m[39m[31m[1m^[2
2m[39m[31m[1m^[22m
[39m[31m[1m^[22m[
39m[31m[1m^[22m[39
m[31m[1m^[22m[39m
[31m[1m>[22m[39m[
90m 10 |[39m     [33
mSearch[39m[33m,[39
m
 [90m    |[39m [31m
[1m^[22m[39m[31m[
1m^[22m[39m[31m[1m
^[22m[39m[31m[1m^
[22m[39m[31m[1m^[2
2m[39m[31m[1m^[22m
[39m[31m[1m^[22m[
39m[31m[1m^[22m[39
m[31m[1m^[22m[39m
[31m[1m^[22m[39m[3
1m[1m^[22m[39m[31m
[1m^[22m[39m[31m[
1m^[22m[39m[31m[1m
^[22m[39m[31m[1m^
[22m[39m[31m[1m^[2
2m[39m[31m[1m^[22m
[39m[31m[1m^[22m[
39m[31m[1m^[22m[39
m[31m[1m^[22m[39m
[31m[1m>[22m[39m[
90m 11 |[39m     [33
mShieldCheck[39m[33m
,[39m
 [90m    |[39m [31m
[1m^[22m[39m[31m[
1m^[22m[39m[31m[1m
^[22m[39m[31m[1m^
[22m[39m[31m[1m^[2
2m[39m[31m[1m^[22m
[39m[31m[1m^[22m[
39m[31m[1m^[22m[39
m[31m[1m^[22m[39m
[31m[1m^[22m[39m[3
1m[1m^[22m[39m[31m
[1m^[22m[39m[31m[
1m^[22m[39m[31m[1m
^[22m[39m[31m[1m^
[22m[39m[31m[1m^[2
2m[39m[31m[1m^[22m
[39m[31m[1m^[22m[
39m[31m[1m^[22m[39
m[31m[1m^[22m[39m
[31m[1m>[22m[39m[
90m 12 |[39m     [33
mLogOut[39m[33m,[39
m
 [90m    |[39m [31m
[1m^[22m[39m[31m[
1m^[22m[39m[31m[1m
^[22m[39m[31m[1m^
[22m[39m[31m[1m^[2
2m[39m[31m[1m^[22m
[39m[31m[1m^[22m[
39m[31m[1m^[22m[39
m[31m[1m^[22m[39m
[31m[1m^[22m[39m[3
1m[1m^[22m[39m[31m
[1m^[22m[39m[31m[
1m^[22m[39m[31m[1m
^[22m[39m[31m[1m^
[22m[39m[31m[1m^[2
2m[39m[31m[1m^[22m
[39m[31m[1m^[22m[
39m[31m[1m^[22m[39
m[31m[1m^[22m[39m
[31m[1m>[22m[39m[
90m 13 |[39m     
[33mUser[39m 
[36mas[39m 
[33mUserIcon[39m
 [90m    |[39m [31m
[1m^[22m[39m[31m[
1m^[22m[39m[31m[1m
^[22m[39m[31m[1m^
[22m[39m[31m[1m^[2
2m[39m[31m[1m^[22m
[39m[31m[1m^[22m[
39m[31m[1m^[22m[39
m[31m[1m^[22m[39m
[31m[1m^[22m[39m[3
1m[1m^[22m[39m[31m
[1m^[22m[39m[31m[
1m^[22m[39m[31m[1m
^[22m[39m[31m[1m^
[22m[39m[31m[1m^[2
2m[39m[31m[1m^[22m
[39m[31m[1m^[22m[
39m[31m[1m^[22m[39
m[31m[1m^[22m[39m
[31m[1m>[22m[39m[
90m 14 |[39m } 
[36mfrom[39m [32m'l
ucide-react'[39m
 [90m    |[39m [31m
[1m^[22m[39m[31m[
1m^[22m[39m[31m[1m
^[22m[39m[31m[1m^
[22m[39m[31m[1m^[2
2m[39m[31m[1m^[22m
[39m[31m[1m^[22m[
39m[31m[1m^[22m[39
m[31m[1m^[22m[39m
[31m[1m^[22m[39m[3
1m[1m^[22m[39m[31m
[1m^[22m[39m[31m[
1m^[22m[39m[31m[1m
^[22m[39m[31m[1m^
[22m[39m[31m[1m^[2
2m[39m[31m[1m^[22m
[39m[31m[1m^[22m[
39m[31m[1m^[22m[39
m[31m[1m^[22m[39m
[31m[1m^[22m[39m[3
1m[1m^[22m[39m
 [90m 15 |[39m
 [90m 16 |[39m 
[36mexport[39m 
[36mfunction[39m [3
3mMiniHeader[39m() {
 [90m 17 |[39m     
[36mconst[39m 
pathname [33m=[39m 
usePathname()[0m



Import traces:
  Client Component 
Browser:
    ./components/MiniH
eader.tsx [Client 
Component Browser]
    ./app/nueva-denunc
ia/page.tsx [Client 
Component Browser]
    ./app/nueva-denunc
ia/page.tsx [Server 
Component]

  Client Component 
SSR:
    ./components/MiniH
eader.tsx [Client 
Component SSR]
    ./app/nueva-denunc
ia/page.tsx [Client 
Component SSR]
    ./app/nueva-denunc
ia/page.tsx [Server 
Component]

https://nextjs.org/doc
s/messages/module-not-
found


./components/Sidebar.t
sx:7:1
Module not found: 
Can't resolve 
'lucide-react'
[0m [90m  5 |[39m 
[36mimport[39m { 
useAuth } 
[36mfrom[39m [32m'@
/lib/hooks/useAuth'[3
9m
 [90m  6 |[39m 
[36mimport[39m { 
cn[33m,[39m 
formatNombrePolicial 
} [36mfrom[39m [32m
'@/lib/utils'[39m
[31m[1m>[22m[39m[
90m  7 |[39m 
[36mimport[39m {
 [90m    |[39m [31m
[1m^[22m[39m[31m[
1m^[22m[39m[31m[1m
^[22m[39m[31m[1m^
[22m[39m[31m[1m^[2
2m[39m[31m[1m^[22m
[39m[31m[1m^[22m[
39m[31m[1m^[22m[39
m
[31m[1m>[22m[39m[
90m  8 |[39m     [33
mLayoutDashboard[39m
[33m,[39m
 [90m    |[39m [31m
[1m^[22m[39m[31m[
1m^[22m[39m[31m[1m
^[22m[39m[31m[1m^
[22m[39m[31m[1m^[2
2m[39m[31m[1m^[22m
[39m[31m[1m^[22m[
39m[31m[1m^[22m[39
m[31m[1m^[22m[39m
[31m[1m^[22m[39m[3
1m[1m^[22m[39m[31m
[1m^[22m[39m[31m[
1m^[22m[39m[31m[1m
^[22m[39m[31m[1m^
[22m[39m[31m[1m^[2
2m[39m[31m[1m^[22m
[39m[31m[1m^[22m[
39m[31m[1m^[22m[39
m[31m[1m^[22m[39m
[31m[1m>[22m[39m[
90m  9 |[39m     [33
mPlusCircle[39m[33m,
[39m
 [90m    |[39m [31m
[1m^[22m[39m[31m[
1m^[22m[39m[31m[1m
^[22m[39m[31m[1m^
[22m[39m[31m[1m^[2
2m[39m[31m[1m^[22m
[39m[31m[1m^[22m[
39m[31m[1m^[22m[39
m[31m[1m^[22m[39m
[31m[1m^[22m[39m[3
1m[1m^[22m[39m[31m
[1m^[22m[39m[31m[
1m^[22m[39m[31m[1m
^[22m[39m[31m[1m^
[22m[39m[31m[1m^[2
2m[39m[31m[1m^[22m
[39m[31m[1m^[22m[
39m[31m[1m^[22m[39
m[31m[1m^[22m[39m
[31m[1m>[22m[39m[
90m 10 |[39m     [33
mFileText[39m[33m,[
39m
 [90m    |[39m [31m
[1m^[22m[39m[31m[
1m^[22m[39m[31m[1m
^[22m[39m[31m[1m^
[22m[39m[31m[1m^[2
2m[39m[31m[1m^[22m
[39m[31m[1m^[22m[
39m[31m[1m^[22m[39
m[31m[1m^[22m[39m
[31m[1m^[22m[39m[3
1m[1m^[22m[39m[31m
[1m^[22m[39m[31m[
1m^[22m[39m[31m[1m
^[22m[39m[31m[1m^
[22m[39m[31m[1m^[2
2m[39m[31m[1m^[22m
[39m[31m[1m^[22m[
39m[31m[1m^[22m[39
m[31m[1m^[22m[39m
[31m[1m>[22m[39m[
90m 11 |[39m     [33
mUsers[39m[33m,[39m
 [90m    |[39m [31m
[1m^[22m[39m[31m[
1m^[22m[39m[31m[1m
^[22m[39m[31m[1m^
[22m[39m[31m[1m^[2
2m[39m[31m[1m^[22m
[39m[31m[1m^[22m[
39m[31m[1m^[22m[39
m[31m[1m^[22m[39m
[31m[1m^[22m[39m[3
1m[1m^[22m[39m[31m
[1m^[22m[39m[31m[
1m^[22m[39m[31m[1m
^[22m[39m[31m[1m^
[22m[39m[31m[1m^[2
2m[39m[31m[1m^[22m
[39m[31m[1m^[22m[
39m[31m[1m^[22m[39
m[31m[1m^[22m[39m
[31m[1m>[22m[39m[
90m 12 |[39m     [33
mHistory[39m[33m,[3
9m
 [90m    |[39m [31m
[1m^[22m[39m[31m[
1m^[22m[39m[31m[1m
^[22m[39m[31m[1m^
[22m[39m[31m[1m^[2
2m[39m[31m[1m^[22m
[39m[31m[1m^[22m[
39m[31m[1m^[22m[39
m[31m[1m^[22m[39m
[31m[1m^[22m[39m[3
1m[1m^[22m[39m[31m
[1m^[22m[39m[31m[
1m^[22m[39m[31m[1m
^[22m[39m[31m[1m^
[22m[39m[31m[1m^[2
2m[39m[31m[1m^[22m
[39m[31m[1m^[22m[
39m[31m[1m^[22m[39
m[31m[1m^[22m[39m
[31m[1m>[22m[39m[
90m 13 |[39m     [33
mShieldCheck[39m[33m
,[39m
 [90m    |[39m [31m
[1m^[22m[39m[31m[
1m^[22m[39m[31m[1m
^[22m[39m[31m[1m^
[22m[39m[31m[1m^[2
2m[39m[31m[1m^[22m
[39m[31m[1m^[22m[
39m[31m[1m^[22m[39
m[31m[1m^[22m[39m
[31m[1m^[22m[39m[3
1m[1m^[22m[39m[31m
[1m^[22m[39m[31m[
1m^[22m[39m[31m[1m
^[22m[39m[31m[1m^
[22m[39m[31m[1m^[2
2m[39m[31m[1m^[22m
[39m[31m[1m^[22m[
39m[31m[1m^[22m[39
m[31m[1m^[22m[39m
[31m[1m>[22m[39m[
90m 14 |[39m     [33
mSearch[39m[33m,[39
m
 [90m    |[39m [31m
[1m^[22m[39m[31m[
1m^[22m[39m[31m[1m
^[22m[39m[31m[1m^
[22m[39m[31m[1m^[2
2m[39m[31m[1m^[22m
[39m[31m[1m^[22m[
39m[31m[1m^[22m[39
m[31m[1m^[22m[39m
[31m[1m^[22m[39m[3
1m[1m^[22m[39m[31m
[1m^[22m[39m[31m[
1m^[22m[39m[31m[1m
^[22m[39m[31m[1m^
[22m[39m[31m[1m^[2
2m[39m[31m[1m^[22m
[39m[31m[1m^[22m[
39m[31m[1m^[22m[39
m[31m[1m^[22m[39m
[31m[1m>[22m[39m[
90m 15 |[39m     [33
mBarChart3[39m[33m,
[39m
 [90m    |[39m [31m
[1m^[22m[39m[31m[
1m^[22m[39m[31m[1m
^[22m[39m[31m[1m^
[22m[39m[31m[1m^[2
2m[39m[31m[1m^[22m
[39m[31m[1m^[22m[
39m[31m[1m^[22m[39
m[31m[1m^[22m[39m
[31m[1m^[22m[39m[3
1m[1m^[22m[39m[31m
[1m^[22m[39m[31m[
1m^[22m[39m[31m[1m
^[22m[39m[31m[1m^
[22m[39m[31m[1m^[2
2m[39m[31m[1m^[22m
[39m[31m[1m^[22m[
39m[31m[1m^[22m[39
m[31m[1m^[22m[39m
[31m[1m>[22m[39m[
90m 16 |[39m     [33
mLogOut[39m[33m,[39
m
 [90m    |[39m [31m
[1m^[22m[39m[31m[
1m^[22m[39m[31m[1m
^[22m[39m[31m[1m^
[22m[39m[31m[1m^[2
2m[39m[31m[1m^[22m
[39m[31m[1m^[22m[
39m[31m[1m^[22m[39
m[31m[1m^[22m[39m
[31m[1m^[22m[39m[3
1m[1m^[22m[39m[31m
[1m^[22m[39m[31m[
1m^[22m[39m[31m[1m
^[22m[39m[31m[1m^
[22m[39m[31m[1m^[2
2m[39m[31m[1m^[22m
[39m[31m[1m^[22m[
39m[31m[1m^[22m[39
m[31m[1m^[22m[39m
[31m[1m>[22m[39m[
90m 17 |[39m     
[33mUser[39m 
[36mas[39m 
[33mUserIcon[39m
 [90m    |[39m [31m
[1m^[22m[39m[31m[
1m^[22m[39m[31m[1m
^[22m[39m[31m[1m^
[22m[39m[31m[1m^[2
2m[39m[31m[1m^[22m
[39m[31m[1m^[22m[
39m[31m[1m^[22m[39
m[31m[1m^[22m[39m
[31m[1m^[22m[39m[3
1m[1m^[22m[39m[31m
[1m^[22m[39m[31m[
1m^[22m[39m[31m[1m
^[22m[39m[31m[1m^
[22m[39m[31m[1m^[2
2m[39m[31m[1m^[22m
[39m[31m[1m^[22m[
39m[31m[1m^[22m[39
m[31m[1m^[22m[39m
[31m[1m>[22m[39m[
90m 18 |[39m } 
[36mfrom[39m [32m'l
ucide-react'[39m
 [90m    |[39m [31m
[1m^[22m[39m[31m[
1m^[22m[39m[31m[1m
^[22m[39m[31m[1m^
[22m[39m[31m[1m^[2
2m[39m[31m[1m^[22m
[39m[31m[1m^[22m[
39m[31m[1m^[22m[39
m[31m[1m^[22m[39m
[31m[1m^[22m[39m[3
1m[1m^[22m[39m[31m
[1m^[22m[39m[31m[
1m^[22m[39m[31m[1m
^[22m[39m[31m[1m^
[22m[39m[31m[1m^[2
2m[39m[31m[1m^[22m
[39m[31m[1m^[22m[
39m[31m[1m^[22m[39
m[31m[1m^[22m[39m
[31m[1m^[22m[39m[3
1m[1m^[22m[39m
 [90m 19 |[39m
 [90m 20 |[39m 
[36mconst[39m 
navItems [33m=[39m [
 [90m 21 |[39m     
{ href[33m:[39m [32
m'/inicio'[39m[33m,
[39m label[33m:[39m 
[32m'Inicio'[39m[33
m,[39m 
icon[33m:[39m [33mL
ayoutDashboard[39m 
}[33m,[39m[0m



Import traces:
  Client Component 
Browser:
    ./components/Sideb
ar.tsx [Client 
Component Browser]
    ./components/MainL
ayout.tsx [Client 
Component Browser]
    ./app/ampliar-denu
ncia/[id]/page.tsx 
[Client Component 
Browser]
    ./app/ampliar-denu
ncia/[id]/page.tsx 
[Server Component]

  Client Component 
SSR:
    ./components/Sideb
ar.tsx [Client 
Component SSR]
    ./components/MainL
ayout.tsx [Client 
Component SSR]
    ./app/ampliar-denu
ncia/[id]/page.tsx 
[Client Component SSR]
    ./app/ampliar-denu
ncia/[id]/page.tsx 
[Server Component]

https://nextjs.org/doc
s/messages/module-not-
found


./app/api/denuncias/pd
f/[id]/route.tsx:7:1
Module not found: 
Can't resolve 
'pdf-lib'
[0m [90m  5 |[39m 
[36mimport[39m [33m
DenunciaPDFDocument[3
9m [36mfrom[39m [32
m'@/components/pdf/Den
unciaPDF'[39m[33m;[
39m
 [90m  6 |[39m 
[36mimport[39m 
[33mQRCode[39m 
[36mfrom[39m [32m'q
rcode'[39m[33m;[39m
[31m[1m>[22m[39m[
90m  7 |[39m 
[36mimport[39m { 
[33mPDFDocument[39m 
} [36mfrom[39m [32m
'pdf-lib'[39m[33m;[
39m
 [90m    |[39m [31m
[1m^[22m[39m[31m[
1m^[22m[39m[31m[1m
^[22m[39m[31m[1m^
[22m[39m[31m[1m^[2
2m[39m[31m[1m^[22m
[39m[31m[1m^[22m[
39m[31m[1m^[22m[39
m[31m[1m^[22m[39m
[31m[1m^[22m[39m[3
1m[1m^[22m[39m[31m
[1m^[22m[39m[31m[
1m^[22m[39m[31m[1m
^[22m[39m[31m[1m^
[22m[39m[31m[1m^[2
2m[39m[31m[1m^[22m
[39m[31m[1m^[22m[
39m[31m[1m^[22m[39
m[31m[1m^[22m[39m
[31m[1m^[22m[39m[3
1m[1m^[22m[39m[31m
[1m^[22m[39m[31m[
1m^[22m[39m[31m[1m
^[22m[39m[31m[1m^
[22m[39m[31m[1m^[2
2m[39m[31m[1m^[22m
[39m[31m[1m^[22m[
39m[31m[1m^[22m[39
m[31m[1m^[22m[39m
[31m[1m^[22m[39m[3
1m[1m^[22m[39m[31m
[1m^[22m[39m[31m[
1m^[22m[39m[31m[1m
^[22m[39m[31m[1m^
[22m[39m[31m[1m^[2
2m[39m
 [90m  8 |[39m
 [90m  9 |[39m 
[36mexport[39m 
[36masync[39m 
[36mfunction[39m 
[33mGET[39m(
 [90m 10 |[39m     
request[33m:[39m [3
3mNextRequest[39m[33
m,[39m[0m



https://nextjs.org/doc
s/messages/module-not-
found


./lib/utils.ts:2:1
Module not found: 
Can't resolve 
'tailwind-merge'
[0m [90m 1 |[39m 
[36mimport[39m { 
type [33mClassValue[
39m[33m,[39m clsx } 
[36mfrom[39m 
[32m"clsx"[39m
[31m[1m>[22m[39m[
90m 2 |[39m 
[36mimport[39m { 
twMerge } 
[36mfrom[39m [32m"t
ailwind-merge"[39m
 [90m   |[39m [31m
[1m^[22m[39m[31m[1
m^[22m[39m[31m[1m^
[22m[39m[31m[1m^[
22m[39m[31m[1m^[22
m[39m[31m[1m^[22m
[39m[31m[1m^[22m[3
9m[31m[1m^[22m[39m
[31m[1m^[22m[39m[
31m[1m^[22m[39m[31
m[1m^[22m[39m[31m
[1m^[22m[39m[31m[1
m^[22m[39m[31m[1m^
[22m[39m[31m[1m^[
22m[39m[31m[1m^[22
m[39m[31m[1m^[22m
[39m[31m[1m^[22m[3
9m[31m[1m^[22m[39m
[31m[1m^[22m[39m[
31m[1m^[22m[39m[31
m[1m^[22m[39m[31m
[1m^[22m[39m[31m[1
m^[22m[39m[31m[1m^
[22m[39m[31m[1m^[
22m[39m[31m[1m^[22
m[39m[31m[1m^[22m
[39m[31m[1m^[22m[3
9m[31m[1m^[22m[39m
[31m[1m^[22m[39m[
31m[1m^[22m[39m[31
m[1m^[22m[39m[31m
[1m^[22m[39m[31m[1
m^[22m[39m[31m[1m^
[22m[39m[31m[1m^[
22m[39m[31m[1m^[22
m[39m[31m[1m^[22m
[39m[31m[1m^[22m[3
9m
 [90m 3 |[39m
 [90m 4 |[39m 
[36mexport[39m 
[36mfunction[39m cn(
[33m...[39minputs[3
3m:[39m [33mClassVal
ue[39m[]) {
 [90m 5 |[39m     
[36mreturn[39m twMer
ge(clsx(inputs))[0m



Import traces:
  Client Component 
Browser:
    ./lib/utils.ts 
[Client Component 
Browser]
    ./components/Sideb
ar.tsx [Client 
Component Browser]
    ./components/MainL
ayout.tsx [Client 
Component Browser]
    ./app/ampliar-denu
ncia/[id]/page.tsx 
[Client Component 
Browser]
    ./app/ampliar-denu
ncia/[id]/page.tsx 
[Server Component]

  Client Component 
SSR:
    ./lib/utils.ts 
[Client Component SSR]
    ./components/Sideb
ar.tsx [Client 
Component SSR]
    ./components/MainL
ayout.tsx [Client 
Component SSR]
    ./app/ampliar-denu
ncia/[id]/page.tsx 
[Client Component SSR]
    ./app/ampliar-denu
ncia/[id]/page.tsx 
[Server Component]

https://nextjs.org/doc
s/messages/module-not-
found


    at <unknown> (./ap
p/api/denuncias/amplia
cion/pdf/[id]/route.ts
x:4:1)
    at <unknown> (http
s://nextjs.org/docs/me
ssages/module-not-foun
d)
    at <unknown> (./ap
p/api/denuncias/pdf/[i
d]/route.tsx:4:1)
    at <unknown> (http
s://nextjs.org/docs/me
ssages/module-not-foun
d)
    at <unknown> (./co
mponents/pdf/CierreDen
uncia.tsx:2:1)
    at <unknown> (http
s://nextjs.org/docs/me
ssages/module-not-foun
d)
    at <unknown> (./co
mponents/pdf/DenunciaP
DF.tsx:2:1)
    at <unknown> (http
s://nextjs.org/docs/me
ssages/module-not-foun
d)
    at <unknown> (./co
mponents/pdf/ParaguayH
eader.tsx:2:1)
    at <unknown> (http
s://nextjs.org/docs/me
ssages/module-not-foun
d)
    at <unknown> (./co
mponents/pdf/PrimerPar
rafo.tsx:2:1)
    at <unknown> (http
s://nextjs.org/docs/me
ssages/module-not-foun
d)
    at <unknown> (./co
mponents/pdf/SeccionFi
rmas.tsx:2:1)
    at <unknown> (http
s://nextjs.org/docs/me
ssages/module-not-foun
d)
    at <unknown> (./co
mponents/pdf/SegundoPa
rrafo.tsx:2:1)
    at <unknown> (http
s://nextjs.org/docs/me
ssages/module-not-foun
d)
    at <unknown> (./co
mponents/pdf/TercerPar
rafo.tsx:2:1)
    at <unknown> (http
s://nextjs.org/docs/me
ssages/module-not-foun
d)
    at <unknown> (./ap
p/api/upload/adjuntos/
route.ts:2:1)
    at <unknown> (http
s://nextjs.org/docs/me
ssages/module-not-foun
d)
    at <unknown> (./ap
p/api/upload/denuncia-
escrita/route.ts:2:1)
    at <unknown> (http
s://nextjs.org/docs/me
ssages/module-not-foun
d)
    at <unknown> (./li
b/utils/export-docx.ts
:1:1)
    at <unknown> (http
s://nextjs.org/docs/me
ssages/module-not-foun
d)
    at <unknown> (./li
b/utils/export-docx.ts
:2:1)
    at <unknown> (http
s://nextjs.org/docs/me
ssages/module-not-foun
d)
    at <unknown> (./li
b/utils/export-excel.t
s:2:1)
    at <unknown> (http
s://nextjs.org/docs/me
ssages/module-not-foun
d)
    at <unknown> (./li
b/utils/export-image.t
s:2:1)
    at <unknown> (http
s://nextjs.org/docs/me
ssages/module-not-foun
d)
    at <unknown> (./li
b/utils/export-image.t
s:1:1)
    at <unknown> (http
s://nextjs.org/docs/me
ssages/module-not-foun
d)
    at <unknown> (./ap
p/denuncias/buscador-r
elato/page.tsx:13:1)
    at <unknown> (http
s://nextjs.org/docs/me
ssages/module-not-foun
d)
    at <unknown> (./ap
p/denuncias/page.tsx:1
1:1)
    at <unknown> (http
s://nextjs.org/docs/me
ssages/module-not-foun
d)
    at <unknown> (./ap
p/inicio/page.tsx:7:1)
    at <unknown> (http
s://nextjs.org/docs/me
ssages/module-not-foun
d)
    at <unknown> (./ap
p/mis-denuncias/page.t
sx:23:1)
    at <unknown> (http
s://nextjs.org/docs/me
ssages/module-not-foun
d)
    at <unknown> (./ap
p/reportes/page.tsx:18
:1)
    at <unknown> (http
s://nextjs.org/docs/me
ssages/module-not-foun
d)
    at <unknown> (./co
mponents/MiniHeader.ts
x:7:1)
    at <unknown> (http
s://nextjs.org/docs/me
ssages/module-not-foun
d)
    at <unknown> (./co
mponents/Sidebar.tsx:7
:1)
    at <unknown> (http
s://nextjs.org/docs/me
ssages/module-not-foun
d)
    at <unknown> (./ap
p/api/denuncias/pdf/[i
d]/route.tsx:7:1)
    at <unknown> (http
s://nextjs.org/docs/me
ssages/module-not-foun
d)
    at <unknown> 
(./lib/utils.ts:2:1)
    at <unknown> (http
s://nextjs.org/docs/me
ssages/module-not-foun
d)
